ARM Linker, 5.03 [Build 76] [MDK-ARM Professional]

==============================================================================

Section Cross References

    startup.o(STACK) refers (Special) to heapauxi.o(.text) for __use_two_region_memory
    startup.o(HEAP) refers (Special) to heapauxi.o(.text) for __use_two_region_memory
    startup.o(RESET) refers (Special) to heapauxi.o(.text) for __use_two_region_memory
    startup.o(RESET) refers to startup.o(STACK) for StackMem
    startup.o(RESET) refers to spaceinvaders.o(i.SysTick_Handler) for SysTick_Handler
    startup.o(RESET) refers to timer0.o(i.Timer0A_Handler) for Timer0A_Handler
    startup.o(RESET) refers to timer1.o(i.Timer1A_Handler) for Timer1A_Handler
    startup.o(RESET) refers to spaceinvaders.o(i.Timer2A_Handler) for Timer2A_Handler
    startup.o(RESET) refers to sound.o(i.Timer3A_Handler) for Timer3A_Handler
    startup.o(RESET) refers to texas.o(.text) for Timer4A_Handler
    startup.o(RESET) refers to __main.o(!!!main) for __main
    startup.o(.text) refers (Special) to heapauxi.o(.text) for __use_two_region_memory
    startup.o(.text) refers to startup.o(HEAP) for HeapMem
    startup.o(.text) refers to startup.o(STACK) for StackMem
    random.o(.text) refers to random.o(DATA) for M
    timer0.o(i.Timer0A_Handler) refers to timer0.o(.data) for PeriodicTask0
    timer0.o(i.Timer0_Init) refers to timer0.o(.data) for PeriodicTask0
    timer1.o(i.Timer1A_Handler) refers to timer1.o(.data) for PeriodicTask1
    timer1.o(i.Timer1_Init) refers to timer1.o(.data) for PeriodicTask1
    sound.o(i.Timer3A_Handler) refers to sound.o(.data) for PeriodicTask3
    sound.o(i.Timer3_Init) refers to sound.o(.data) for PeriodicTask3
    sound.o(i.sound) refers to dac.o(i.DAC_Out) for DAC_Out
    sound.o(i.sound) refers to sound.o(.data) for count
    sound.o(i.sound) refers to sound.o(.constdata) for Laser
    sound.o(i.soundLaser) refers to sound.o(i.Timer3_Init) for Timer3_Init
    sound.o(i.soundLaser) refers to sound.o(i.sound) for sound
    print.o(.text) refers (Special) to st7735.o(i.ST7735_OutString) for ST7735_OutString
    print.o(.text) refers to st7735.o(i.ST7735_OutChar) for ST7735_OutChar
    spaceinvaders.o(i.SysTick_Handler) refers to adc.o(i.ADC_In) for ADC_In
    spaceinvaders.o(i.SysTick_Handler) refers to spaceinvaders.o(i.getPB3) for getPB3
    spaceinvaders.o(i.SysTick_Handler) refers to spaceinvaders.o(i.shootLaser) for shootLaser
    spaceinvaders.o(i.SysTick_Handler) refers to sound.o(i.soundLaser) for soundLaser
    spaceinvaders.o(i.SysTick_Handler) refers to spaceinvaders.o(i.conversion) for conversion
    spaceinvaders.o(i.SysTick_Handler) refers to st7735.o(i.ST7735_DrawBitmap) for ST7735_DrawBitmap
    spaceinvaders.o(i.SysTick_Handler) refers to spaceinvaders.o(.data) for readyShoot
    spaceinvaders.o(i.SysTick_Handler) refers to spaceinvaders.o(.constdata) for blm
    spaceinvaders.o(i.Timer2A_Handler) refers to st7735.o(i.ST7735_SetCursor) for ST7735_SetCursor
    spaceinvaders.o(i.Timer2A_Handler) refers to print.o(.text) for LCD_OutDec
    spaceinvaders.o(i.Timer2A_Handler) refers to st7735.o(i.ST7735_FillRect) for ST7735_FillRect
    spaceinvaders.o(i.Timer2A_Handler) refers to spaceinvaders.o(.data) for score
    spaceinvaders.o(i.Timer2A_Handler) refers to spaceinvaders.o(.bss) for lzr
    spaceinvaders.o(i.Timer2_Init) refers to spaceinvaders.o(.data) for TimerCount
    spaceinvaders.o(i.checkCollision) refers to st7735.o(i.ST7735_FillRect) for ST7735_FillRect
    spaceinvaders.o(i.checkCollision) refers to spaceinvaders.o(i.despawn) for despawn
    spaceinvaders.o(i.checkCollision) refers to timer1.o(i.Timer1_Init) for Timer1_Init
    spaceinvaders.o(i.checkCollision) refers to spaceinvaders.o(.bss) for bigball
    spaceinvaders.o(i.checkCollision) refers to spaceinvaders.o(.data) for numLives
    spaceinvaders.o(i.checkCollision) refers to sound.o(i.sound) for sound
    spaceinvaders.o(i.despawn) refers to st7735.o(i.ST7735_DrawBitmap) for ST7735_DrawBitmap
    spaceinvaders.o(i.despawn) refers to spaceinvaders.o(.bss) for bigball
    spaceinvaders.o(i.despawn) refers to spaceinvaders.o(.constdata) for dead16
    spaceinvaders.o(i.laserCollision) refers to spaceinvaders.o(i.Timer1_Stop) for Timer1_Stop
    spaceinvaders.o(i.laserCollision) refers to spaceinvaders.o(i.despawn) for despawn
    spaceinvaders.o(i.laserCollision) refers to st7735.o(i.ST7735_DrawFastVLine) for ST7735_DrawFastVLine
    spaceinvaders.o(i.laserCollision) refers to spaceinvaders.o(.bss) for lzr
    spaceinvaders.o(i.main) refers to spaceinvaders.o(i.PB3_Init) for PB3_Init
    spaceinvaders.o(i.main) refers to texas.o(.text) for TExaS_Init
    spaceinvaders.o(i.main) refers to random.o(.text) for Random_Init
    spaceinvaders.o(i.main) refers to adc.o(i.ADC_Init) for ADC_Init
    spaceinvaders.o(i.main) refers to st7735.o(i.Output_Init) for Output_Init
[...]
    st7735.o(i.Output_Init) refers to st7735.o(i.ST7735_FillScreen) for ST7735_FillScreen
    st7735.o(i.Output_Off) refers to st7735.o(i.Output_Clear) for Output_Clear
    st7735.o(i.Output_On) refers to st7735.o(i.Output_Init) for Output_Init
    st7735.o(i.ST7735_DrawBitmap) refers to st7735.o(i.setAddrWindow) for setAddrWindow
    st7735.o(i.ST7735_DrawBitmap) refers to lcd.o(.text) for writedata
    st7735.o(i.ST7735_DrawBitmap) refers to st7735.o(.data) for _width
    st7735.o(i.ST7735_DrawChar) refers to st7735.o(i.setAddrWindow) for setAddrWindow
    st7735.o(i.ST7735_DrawChar) refers to st7735.o(i.pushColor) for pushColor
    st7735.o(i.ST7735_DrawChar) refers to st7735.o(.data) for _width
    st7735.o(i.ST7735_DrawChar) refers to st7735.o(.constdata) for Font
    st7735.o(i.ST7735_DrawCharS) refers to st7735.o(i.ST7735_DrawPixel) for ST7735_DrawPixel
    st7735.o(i.ST7735_DrawCharS) refers to st7735.o(i.ST7735_FillRect) for ST7735_FillRect
    st7735.o(i.ST7735_DrawCharS) refers to st7735.o(.data) for _width
    st7735.o(i.ST7735_DrawCharS) refers to st7735.o(.constdata) for Font
    st7735.o(i.ST7735_DrawFastHLine) refers to st7735.o(i.setAddrWindow) for setAddrWindow
    st7735.o(i.ST7735_DrawFastHLine) refers to lcd.o(.text) for writedata
    st7735.o(i.ST7735_DrawFastHLine) refers to st7735.o(.data) for _width
    st7735.o(i.ST7735_DrawFastVLine) refers to st7735.o(i.setAddrWindow) for setAddrWindow
    st7735.o(i.ST7735_DrawFastVLine) refers to lcd.o(.text) for writedata
    st7735.o(i.ST7735_DrawFastVLine) refers to st7735.o(.data) for _width
    st7735.o(i.ST7735_DrawPixel) refers to st7735.o(i.setAddrWindow) for setAddrWindow
    st7735.o(i.ST7735_DrawPixel) refers to st7735.o(i.pushColor) for pushColor
    st7735.o(i.ST7735_DrawPixel) refers to st7735.o(.data) for _width
    st7735.o(i.ST7735_DrawString) refers to st7735.o(i.ST7735_DrawCharS) for ST7735_DrawCharS
    st7735.o(i.ST7735_FillRect) refers to st7735.o(i.setAddrWindow) for setAddrWindow
    st7735.o(i.ST7735_FillRect) refers to lcd.o(.text) for writedata
    st7735.o(i.ST7735_FillRect) refers to st7735.o(.data) for _width
    st7735.o(i.ST7735_FillScreen) refers to st7735.o(i.ST7735_FillRect) for ST7735_FillRect
    st7735.o(i.ST7735_FillScreen) refers to st7735.o(.data) for _height
    st7735.o(i.ST7735_InitB) refers to st7735.o(i.commonInit) for commonInit
    st7735.o(i.ST7735_InitB) refers to st7735.o(i.ST7735_SetCursor) for ST7735_SetCursor
    st7735.o(i.ST7735_InitB) refers to st7735.o(i.ST7735_FillScreen) for ST7735_FillScreen
    st7735.o(i.ST7735_InitB) refers to st7735.o(.constdata) for Bcmd
    st7735.o(i.ST7735_InitB) refers to st7735.o(.data) for StTextColor
    st7735.o(i.ST7735_InitR) refers to st7735.o(i.commonInit) for commonInit
    st7735.o(i.ST7735_InitR) refers to st7735.o(i.commandList) for commandList
    st7735.o(i.ST7735_InitR) refers to lcd.o(.text) for writecommand
    st7735.o(i.ST7735_InitR) refers to st7735.o(i.ST7735_SetCursor) for ST7735_SetCursor
    st7735.o(i.ST7735_InitR) refers to st7735.o(i.ST7735_FillScreen) for ST7735_FillScreen
    st7735.o(i.ST7735_InitR) refers to st7735.o(.constdata) for Rcmd1
    st7735.o(i.ST7735_InitR) refers to st7735.o(.data) for ColStart
    st7735.o(i.ST7735_InvertDisplay) refers to lcd.o(.text) for writecommand
    st7735.o(i.ST7735_OutChar) refers to st7735.o(i.ST7735_DrawString) for ST7735_DrawString
    st7735.o(i.ST7735_OutChar) refers to st7735.o(i.ST7735_DrawCharS) for ST7735_DrawCharS
    st7735.o(i.ST7735_OutChar) refers to st7735.o(.data) for StY
    st7735.o(i.ST7735_OutString) refers to st7735.o(i.ST7735_OutChar) for ST7735_OutChar
    st7735.o(i.ST7735_OutUDec) refers to st7735.o(i.fillmessage) for fillmessage
    st7735.o(i.ST7735_OutUDec) refers to st7735.o(i.ST7735_DrawString) for ST7735_DrawString
    st7735.o(i.ST7735_OutUDec) refers to st7735.o(i.ST7735_DrawCharS) for ST7735_DrawCharS
    st7735.o(i.ST7735_OutUDec) refers to st7735.o(.data) for Messageindex
    st7735.o(i.ST7735_OutUDec) refers to st7735.o(.bss) for Message
    st7735.o(i.ST7735_PlotBar) refers to st7735.o(i.ST7735_DrawFastVLine) for ST7735_DrawFastVLine
    st7735.o(i.ST7735_PlotBar) refers to st7735.o(.data) for Ymin
    st7735.o(i.ST7735_PlotClear) refers to st7735.o(i.ST7735_Color565) for ST7735_Color565
    st7735.o(i.ST7735_PlotClear) refers to st7735.o(i.ST7735_FillRect) for ST7735_FillRect
    st7735.o(i.ST7735_PlotClear) refers to st7735.o(.data) for Ymax
    st7735.o(i.ST7735_PlotLine) refers to st7735.o(i.ST7735_DrawPixel) for ST7735_DrawPixel
    st7735.o(i.ST7735_PlotLine) refers to st7735.o(.data) for Ymin
    st7735.o(i.ST7735_PlotNext) refers to st7735.o(.data) for X
    st7735.o(i.ST7735_PlotNextErase) refers to st7735.o(i.ST7735_Color565) for ST7735_Color565
    st7735.o(i.ST7735_PlotNextErase) refers to st7735.o(i.ST7735_DrawFastVLine) for ST7735_DrawFastVLine
    st7735.o(i.ST7735_PlotNextErase) refers to st7735.o(.data) for X
    st7735.o(i.ST7735_PlotPoint) refers to st7735.o(i.ST7735_DrawPixel) for ST7735_DrawPixel
    st7735.o(i.ST7735_PlotPoint) refers to st7735.o(.data) for Ymin
    st7735.o(i.ST7735_PlotPoints) refers to st7735.o(i.ST7735_DrawPixel) for ST7735_DrawPixel
    st7735.o(i.ST7735_PlotPoints) refers to st7735.o(.data) for Ymin
    st7735.o(i.ST7735_PlotdBfs) refers to st7735.o(i.ST7735_DrawFastVLine) for ST7735_DrawFastVLine
    st7735.o(i.ST7735_PlotdBfs) refers to st7735.o(.constdata) for dBfs
    st7735.o(i.ST7735_PlotdBfs) refers to st7735.o(.data) for X
    st7735.o(i.ST7735_SetCursor) refers to st7735.o(.data) for StX
    st7735.o(i.ST7735_SetRotation) refers to lcd.o(.text) for writecommand
    st7735.o(i.ST7735_SetRotation) refers to st7735.o(.data) for Rotation
    st7735.o(i.ST7735_SetTextColor) refers to st7735.o(.data) for StTextColor
    st7735.o(i.commandList) refers to lcd.o(.text) for writecommand
    st7735.o(i.commandList) refers to st7735.o(i.Delay1ms) for Delay1ms
    st7735.o(i.commonInit) refers to st7735.o(i.Delay1ms) for Delay1ms
    st7735.o(i.commonInit) refers to st7735.o(i.commandList) for commandList
    st7735.o(i.commonInit) refers to st7735.o(.data) for RowStart
    st7735.o(i.fillmessage) refers to st7735.o(.bss) for Message
    st7735.o(i.fillmessage) refers to st7735.o(.data) for Messageindex
    st7735.o(i.fputc) refers to st7735.o(i.ST7735_OutChar) for ST7735_OutChar
    st7735.o(i.pushColor) refers to lcd.o(.text) for writedata
    st7735.o(i.setAddrWindow) refers to lcd.o(.text) for writecommand
    st7735.o(i.setAddrWindow) refers to st7735.o(.data) for ColStart
    texas.o(.text) refers to texas.o(.bss) for TExaS
    texas.o(.text) refers to texas.o(.constdata) for IntroMsg
    texas.o(.text) refers to texas.o(.data) for LastMode
    rand.o(.emb_text) refers (Special) to libinit2.o(.ARM.Collect$$libinit$$0000000B) for __rt_lib_init_rand_2
    rand.o(.emb_text) refers to rand.o(.text) for _rand_init
    rand.o(.emb_text) refers to rand.o(.bss) for _random_number_data
    rand.o(.text) refers (Special) to libinit2.o(.ARM.Collect$$libinit$$0000000B) for __rt_lib_init_rand_2
    rand.o(.text) refers to rand.o(.bss) for .bss
    rand.o(.bss) refers (Special) to libinit2.o(.ARM.Collect$$libinit$$0000000B) for __rt_lib_init_rand_2
    __main.o(!!!main) refers to rtentry.o(.ARM.Collect$$rtentry$$00000000) for __rt_entry
    rtentry.o(.ARM.Collect$$rtentry$$00000000) refers (Special) to rtentry2.o(.ARM.Collect$$rtentry$$0000000A) for __rt_entry_li
    rtentry.o(.ARM.Collect$$rtentry$$00000000) refers (Special) to rtentry2.o(.ARM.Collect$$rtentry$$0000000D) for __rt_entry_main
    rtentry.o(.ARM.Collect$$rtentry$$00000000) refers (Special) to rtentry2.o(.ARM.Collect$$rtentry$$0000000C) for __rt_entry_postli_1
    rtentry.o(.ARM.Collect$$rtentry$$00000000) refers (Special) to rtentry2.o(.ARM.Collect$$rtentry$$00000009) for __rt_entry_postsh_1
    rtentry.o(.ARM.Collect$$rtentry$$00000000) refers (Special) to rtentry2.o(.ARM.Collect$$rtentry$$00000002) for __rt_entry_presh_1
    rtentry.o(.ARM.Collect$$rtentry$$00000000) refers (Special) to rtentry4.o(.ARM.Collect$$rtentry$$00000004) for __rt_entry_sh
    libinit2.o(.ARM.Collect$$libinit$$0000000B) refers (Weak) to rand.o(.text) for _rand_init
    libinit2.o(.ARM.Collect$$libinit$$0000000E) refers to libinit2.o(.ARM.Collect$$libinit$$0000000D) for .ARM.Collect$$libinit$$0000000D
    libinit2.o(.ARM.Collect$$libinit$$00000010) refers to libinit2.o(.ARM.Collect$$libinit$$0000000D) for .ARM.Collect$$libinit$$0000000D
    libinit2.o(.ARM.Collect$$libinit$$00000012) refers to libinit2.o(.ARM.Collect$$libinit$$0000000D) for .ARM.Collect$$libinit$$0000000D
    libinit2.o(.ARM.Collect$$libinit$$00000014) refers to libinit2.o(.ARM.Collect$$libinit$$0000000D) for .ARM.Collect$$libinit$$0000000D
    libinit2.o(.ARM.Collect$$libinit$$00000016) refers to libinit2.o(.ARM.Collect$$libinit$$0000000D) for .ARM.Collect$$libinit$$0000000D
    libinit2.o(.ARM.Collect$$libinit$$00000024) refers to argv_veneer.o(.emb_text) for __ARM_argv_veneer
    libinit2.o(.ARM.Collect$$libinit$$00000025) refers to argv_veneer.o(.emb_text) for __ARM_argv_veneer
    rtentry2.o(.ARM.Collect$$rtentry$$00000008) refers to boardinit2.o(.text) for _platform_post_stackheap_init
    rtentry2.o(.ARM.Collect$$rtentry$$0000000A) refers to libinit.o(.ARM.Collect$$libinit$$00000000) for __rt_lib_init
    rtentry2.o(.ARM.Collect$$rtentry$$0000000B) refers to boardinit3.o(.text) for _platform_post_lib_init
    rtentry2.o(.ARM.Collect$$rtentry$$0000000D) refers to spaceinvaders.o(i.main) for main
    rtentry2.o(.ARM.Collect$$rtentry$$0000000D) refers to exit.o(.text) for exit
    rtentry2.o(.ARM.exidx) refers to rtentry2.o(.ARM.Collect$$rtentry$$00000001) for .ARM.Collect$$rtentry$$00000001
    rtentry2.o(.ARM.exidx) refers to rtentry2.o(.ARM.Collect$$rtentry$$00000008) for .ARM.Collect$$rtentry$$00000008
    rtentry2.o(.ARM.exidx) refers to rtentry2.o(.ARM.Collect$$rtentry$$0000000A) for .ARM.Collect$$rtentry$$0000000A
    rtentry2.o(.ARM.exidx) refers to rtentry2.o(.ARM.Collect$$rtentry$$0000000B) for .ARM.Collect$$rtentry$$0000000B
    rtentry2.o(.ARM.exidx) refers to rtentry2.o(.ARM.Collect$$rtentry$$0000000D) for .ARM.Collect$$rtentry$$0000000D
    rtentry4.o(.ARM.Collect$$rtentry$$00000004) refers to sys_stackheap_outer.o(.text) for __user_setup_stackheap
    rtentry4.o(.ARM.exidx) refers to rtentry4.o(.ARM.Collect$$rtentry$$00000004) for .ARM.Collect$$rtentry$$00000004
    argv_veneer.o(.emb_text) refers to no_argv.o(.text) for __ARM_get_argv
    sys_stackheap_outer.o(.text) refers to libspace.o(.text) for __user_perproc_libspace
    sys_stackheap_outer.o(.text) refers to startup.o(.text) for __user_initial_stackheap
    exit.o(.text) refers to rtexit.o(.ARM.Collect$$rtexit$$00000000) for __rt_exit
    _get_argv_nomalloc.o(.text) refers (Special) to hrguard.o(.text) for __heap_region$guard
    _get_argv_nomalloc.o(.text) refers to defsig_rtmem_outer.o(.text) for __rt_SIGRTMEM
    _get_argv_nomalloc.o(.text) refers to sys_command.o(.text) for _sys_command_string
    libinit.o(.ARM.Collect$$libinit$$00000000) refers (Special) to libinit2.o(.ARM.Collect$$libinit$$0000002C) for __rt_lib_init_alloca_1
    libinit.o(.ARM.Collect$$libinit$$00000000) refers (Special) to libinit2.o(.ARM.Collect$$libinit$$0000002A) for __rt_lib_init_argv_1
    libinit.o(.ARM.Collect$$libinit$$00000000) refers (Special) to libinit2.o(.ARM.Collect$$libinit$$00000019) for __rt_lib_init_atexit_1
    libinit.o(.ARM.Collect$$libinit$$00000000) refers (Special) to libinit2.o(.ARM.Collect$$libinit$$0000001F) for __rt_lib_init_clock_1
    libinit.o(.ARM.Collect$$libinit$$00000000) refers (Special) to libinit2.o(.ARM.Collect$$libinit$$00000030) for __rt_lib_init_cpp_1
    libinit.o(.ARM.Collect$$libinit$$00000000) refers (Special) to libinit2.o(.ARM.Collect$$libinit$$0000002E) for __rt_lib_init_exceptions_1
    libinit.o(.ARM.Collect$$libinit$$00000000) refers (Special) to libinit2.o(.ARM.Collect$$libinit$$00000002) for __rt_lib_init_fp_1
    libinit.o(.ARM.Collect$$libinit$$00000000) refers (Special) to libinit2.o(.ARM.Collect$$libinit$$0000001D) for __rt_lib_init_fp_trap_1
    libinit.o(.ARM.Collect$$libinit$$00000000) refers (Special) to libinit2.o(.ARM.Collect$$libinit$$00000021) for __rt_lib_init_getenv_1
    libinit.o(.ARM.Collect$$libinit$$00000000) refers (Special) to libinit2.o(.ARM.Collect$$libinit$$00000008) for __rt_lib_init_heap_1
    libinit.o(.ARM.Collect$$libinit$$00000000) refers (Special) to libinit2.o(.ARM.Collect$$libinit$$0000000F) for __rt_lib_init_lc_collate_1
    libinit.o(.ARM.Collect$$libinit$$00000000) refers (Special) to libinit2.o(.ARM.Collect$$libinit$$00000011) for __rt_lib_init_lc_ctype_1
    libinit.o(.ARM.Collect$$libinit$$00000000) refers (Special) to libinit2.o(.ARM.Collect$$libinit$$00000013) for __rt_lib_init_lc_monetary_1
    libinit.o(.ARM.Collect$$libinit$$00000000) refers (Special) to libinit2.o(.ARM.Collect$$libinit$$00000015) for __rt_lib_init_lc_numeric_1
    libinit.o(.ARM.Collect$$libinit$$00000000) refers (Special) to libinit2.o(.ARM.Collect$$libinit$$00000017) for __rt_lib_init_lc_time_1
    libinit.o(.ARM.Collect$$libinit$$00000000) refers (Special) to libinit2.o(.ARM.Collect$$libinit$$0000000C) for __rt_lib_init_rand_1
    libinit.o(.ARM.Collect$$libinit$$00000000) refers (Special) to libinit2.o(.ARM.Collect$$libinit$$00000031) for __rt_lib_init_return
    libinit.o(.ARM.Collect$$libinit$$00000000) refers (Special) to libinit2.o(.ARM.Collect$$libinit$$0000001B) for __rt_lib_init_signal_1
    libinit.o(.ARM.Collect$$libinit$$00000000) refers (Special) to libinit2.o(.ARM.Collect$$libinit$$00000023) for __rt_lib_init_stdio_1
    libinit.o(.ARM.Collect$$libinit$$00000000) refers (Special) to libinit2.o(.ARM.Collect$$libinit$$0000000A) for __rt_lib_init_user_alloc_1
    sys_command.o(.text) refers (Special) to use_no_semi.o(.text) for __I$use$semihosting
    sys_command.o(.text) refers (Special) to indicate_semi.o(.text) for __semihosting_library_function
    libspace.o(.text) refers to libspace.o(.bss) for __libspace_start
    rtexit.o(.ARM.Collect$$rtexit$$00000000) refers (Special) to rtexit2.o(.ARM.Collect$$rtexit$$00000004) for __rt_exit_exit
    rtexit.o(.ARM.Collect$$rtexit$$00000000) refers (Special) to rtexit2.o(.ARM.Collect$$rtexit$$00000003) for __rt_exit_ls
    rtexit.o(.ARM.Collect$$rtexit$$00000000) refers (Special) to rtexit2.o(.ARM.Collect$$rtexit$$00000002) for __rt_exit_prels_1
    rtexit.o(.ARM.exidx) refers (Special) to rtexit2.o(.ARM.Collect$$rtexit$$00000004) for __rt_exit_exit
    rtexit.o(.ARM.exidx) refers (Special) to rtexit2.o(.ARM.Collect$$rtexit$$00000003) for __rt_exit_ls
    rtexit.o(.ARM.exidx) refers (Special) to rtexit2.o(.ARM.Collect$$rtexit$$00000002) for __rt_exit_prels_1
    rtexit.o(.ARM.exidx) refers to rtexit.o(.ARM.Collect$$rtexit$$00000000) for .ARM.Collect$$rtexit$$00000000
    defsig_rtmem_outer.o(.text) refers to defsig_rtmem_inner.o(.text) for __rt_SIGRTMEM_inner
    defsig_rtmem_outer.o(.text) refers to defsig_exit.o(.text) for __sig_exit
    defsig_rtmem_formal.o(.text) refers to rt_raise.o(.text) for __rt_raise
    rtexit2.o(.ARM.Collect$$rtexit$$00000003) refers to libshutdown.o(.ARM.Collect$$libshutdown$$00000000) for __rt_lib_shutdown
    rtexit2.o(.ARM.Collect$$rtexit$$00000004) refers to sys_exit.o(.text) for _sys_exit
    rtexit2.o(.ARM.exidx) refers to rtexit2.o(.ARM.Collect$$rtexit$$00000001) for .ARM.Collect$$rtexit$$00000001
    rtexit2.o(.ARM.exidx) refers to rtexit2.o(.ARM.Collect$$rtexit$$00000003) for .ARM.Collect$$rtexit$$00000003
    rtexit2.o(.ARM.exidx) refers to rtexit2.o(.ARM.Collect$$rtexit$$00000004) for .ARM.Collect$$rtexit$$00000004
    rt_raise.o(.text) refers to __raise.o(.text) for __raise
    rt_raise.o(.text) refers to sys_exit.o(.text) for _sys_exit
    defsig_exit.o(.text) refers to sys_exit.o(.text) for _sys_exit
    defsig_rtmem_inner.o(.text) refers to defsig_general.o(.text) for __default_signal_display
    sys_exit.o(.text) refers (Special) to use_no_semi.o(.text) for __I$use$semihosting
    sys_exit.o(.text) refers (Special) to indicate_semi.o(.text) for __semihosting_library_function
    __raise.o(.text) refers to defsig.o(CL$$defsig) for __default_signal_handler
    defsig_general.o(.text) refers to sys_wrch.o(.text) for _ttywrch
    libshutdown.o(.ARM.Collect$$libshutdown$$00000000) refers (Special) to libshutdown2.o(.ARM.Collect$$libshutdown$$00000006) for __rt_lib_shutdown_fp_trap_1
    libshutdown.o(.ARM.Collect$$libshutdown$$00000000) refers (Special) to libshutdown2.o(.ARM.Collect$$libshutdown$$0000000E) for __rt_lib_shutdown_heap_1
    libshutdown.o(.ARM.Collect$$libshutdown$$00000000) refers (Special) to libshutdown2.o(.ARM.Collect$$libshutdown$$0000000F) for __rt_lib_shutdown_return
    libshutdown.o(.ARM.Collect$$libshutdown$$00000000) refers (Special) to libshutdown2.o(.ARM.Collect$$libshutdown$$00000009) for __rt_lib_shutdown_signal_1
    libshutdown.o(.ARM.Collect$$libshutdown$$00000000) refers (Special) to libshutdown2.o(.ARM.Collect$$libshutdown$$00000003) for __rt_lib_shutdown_stdio_1
    libshutdown.o(.ARM.Collect$$libshutdown$$00000000) refers (Special) to libshutdown2.o(.ARM.Collect$$libshutdown$$0000000B) for __rt_lib_shutdown_user_alloc_1
    sys_wrch.o(.text) refers (Special) to use_no_semi.o(.text) for __I$use$semihosting
    sys_wrch.o(.text) refers (Special) to indicate_semi.o(.text) for __semihosting_library_function
    defsig.o(CL$$defsig) refers to defsig_rtmem_inner.o(.text) for __rt_SIGRTMEM_inner
    defsig_abrt_inner.o(.text) refers to defsig_general.o(.text) for __default_signal_display
    defsig_fpe_inner.o(.text) refers to defsig_general.o(.text) for __default_signal_display
    defsig_rtred_inner.o(.text) refers to defsig_general.o(.text) for __default_signal_display
    defsig_stak_inner.o(.text) refers to defsig_general.o(.text) for __default_signal_display
    defsig_pvfn_inner.o(.text) refers to defsig_general.o(.text) for __default_signal_display
    defsig_cppl_inner.o(.text) refers to defsig_general.o(.text) for __default_signal_display
    defsig_segv_inner.o(.text) refers to defsig_general.o(.text) for __default_signal_display
    defsig_other.o(.text) refers to defsig_general.o(.text) for __default_signal_display


==============================================================================

Removing Unused input sections from the image.

    Removing sound.o(i.Sound_Play), (2 bytes).
    Removing spaceinvaders.o(i.Timer0_Start), (20 bytes).
    Removing spaceinvaders.o(i.Timer2_Start), (20 bytes).
    Removing spaceinvaders.o(i.Timer3_Stop), (20 bytes).
    Removing st7735.o(i.Output_Clear), (10 bytes).
    Removing st7735.o(i.Output_Color), (12 bytes).
    Removing st7735.o(i.Output_Off), (8 bytes).
    Removing st7735.o(i.Output_On), (8 bytes).
    Removing st7735.o(i.ST7735_Color565), (24 bytes).
    Removing st7735.o(i.ST7735_DrawChar), (268 bytes).
    Removing st7735.o(i.ST7735_DrawFastHLine), (124 bytes).
    Removing st7735.o(i.ST7735_InitB), (40 bytes).
    Removing st7735.o(i.ST7735_InvertDisplay), (22 bytes).
    Removing st7735.o(i.ST7735_OutUDec), (140 bytes).
    Removing st7735.o(i.ST7735_PlotBar), (88 bytes).
    Removing st7735.o(i.ST7735_PlotClear), (92 bytes).
    Removing st7735.o(i.ST7735_PlotLine), (264 bytes).
    Removing st7735.o(i.ST7735_PlotNext), (32 bytes).
    Removing st7735.o(i.ST7735_PlotNextErase), (64 bytes).
    Removing st7735.o(i.ST7735_PlotPoint), (152 bytes).
    Removing st7735.o(i.ST7735_PlotPoints), (172 bytes).
    Removing st7735.o(i.ST7735_PlotdBfs), (60 bytes).
    Removing st7735.o(i.ST7735_SetRotation), (212 bytes).
    Removing st7735.o(i.ST7735_SetTextColor), (12 bytes).
    Removing st7735.o(i.ST7735_SwapColor), (18 bytes).
    Removing st7735.o(i.ferror), (8 bytes).
    Removing st7735.o(i.fgetc), (6 bytes).
    Removing st7735.o(i.fillmessage), (72 bytes).
    Removing st7735.o(i.fputc), (16 bytes).
    Removing st7735.o(.bss), (12 bytes).

30 unused section(s) (total 1998 bytes) removed from the image.

==============================================================================

Image Symbol Table

    Local Symbols

    Symbol Name                              Value     Ov Type        Size  Object(Section)

    RESET                                    0x00000000   Section      644  startup.o(RESET)
    ../clib/angel/boardlib.s                 0x00000000   Number         0  boardshut.o ABSOLUTE
    ../clib/angel/boardlib.s                 0x00000000   Number         0  boardinit1.o ABSOLUTE
    ../clib/angel/boardlib.s                 0x00000000   Number         0  boardinit2.o ABSOLUTE
    ../clib/angel/boardlib.s                 0x00000000   Number         0  boardinit3.o ABSOLUTE
    ../clib/angel/handlers.s                 0x00000000   Number         0  __scatter_zi.o ABSOLUTE
    ../clib/angel/handlers.s                 0x00000000   Number         0  __scatter_copy.o ABSOLUTE
    ../clib/angel/kernel.s                   0x00000000   Number         0  rtexit2.o ABSOLUTE
    ../clib/angel/kernel.s                   0x00000000   Number         0  rtentry4.o ABSOLUTE
    ../clib/angel/kernel.s                   0x00000000   Number         0  rtentry2.o ABSOLUTE
    ../clib/angel/kernel.s                   0x00000000   Number         0  rtentry.o ABSOLUTE
    ../clib/angel/kernel.s                   0x00000000   Number         0  rtexit.o ABSOLUTE
    ../clib/angel/rt.s                       0x00000000   Number         0  rt_raise.o ABSOLUTE
    ../clib/angel/scatter.s                  0x00000000   Number         0  __scatter.o ABSOLUTE
    ../clib/angel/startup.s                  0x00000000   Number         0  __main.o ABSOLUTE
    ../clib/angel/sys.s                      0x00000000   Number         0  sys_stackheap_outer.o ABSOLUTE
    ../clib/angel/sys.s                      0x00000000   Number         0  libspace.o ABSOLUTE
    ../clib/angel/sys.s                      0x00000000   Number         0  use_no_semi.o ABSOLUTE
    ../clib/angel/sys.s                      0x00000000   Number         0  indicate_semi.o ABSOLUTE
    ../clib/angel/sysapp.c                   0x00000000   Number         0  sys_exit.o ABSOLUTE
    ../clib/angel/sysapp.c                   0x00000000   Number         0  sys_command.o ABSOLUTE
    ../clib/angel/sysapp.c                   0x00000000   Number         0  sys_wrch.o ABSOLUTE
    ../clib/armsys.c                         0x00000000   Number         0  no_argv.o ABSOLUTE
    ../clib/armsys.c                         0x00000000   Number         0  argv_veneer.o ABSOLUTE
    ../clib/armsys.c                         0x00000000   Number         0  argv_veneer.o ABSOLUTE
    ../clib/armsys.c                         0x00000000   Number         0  _get_argv_nomalloc.o ABSOLUTE
    ../clib/heapalloc.c                      0x00000000   Number         0  hrguard.o ABSOLUTE
    ../clib/heapaux.c                        0x00000000   Number         0  heapauxi.o ABSOLUTE
    ../clib/libinit.s                        0x00000000   Number         0  libshutdown.o ABSOLUTE
    ../clib/libinit.s                        0x00000000   Number         0  libshutdown2.o ABSOLUTE
    ../clib/libinit.s                        0x00000000   Number         0  libinit.o ABSOLUTE
    ../clib/libinit.s                        0x00000000   Number         0  libinit2.o ABSOLUTE
    ../clib/signal.c                         0x00000000   Number         0  defsig_rtred_inner.o ABSOLUTE
    ../clib/signal.c                         0x00000000   Number         0  defsig_fpe_inner.o ABSOLUTE
    ../clib/signal.c                         0x00000000   Number         0  defsig_abrt_inner.o ABSOLUTE
    ../clib/signal.c                         0x00000000   Number         0  __raise.o ABSOLUTE
    ../clib/signal.c                         0x00000000   Number         0  defsig_rtmem_inner.o ABSOLUTE
    ../clib/signal.c                         0x00000000   Number         0  defsig_exit.o ABSOLUTE
    ../clib/signal.c                         0x00000000   Number         0  defsig_rtmem_formal.o ABSOLUTE
    ../clib/signal.c                         0x00000000   Number         0  defsig_rtmem_outer.o ABSOLUTE
    ../clib/signal.c                         0x00000000   Number         0  defsig_general.o ABSOLUTE
    ../clib/signal.c                         0x00000000   Number         0  defsig_other.o ABSOLUTE
    ../clib/signal.c                         0x00000000   Number         0  defsig_segv_inner.o ABSOLUTE
    ../clib/signal.c                         0x00000000   Number         0  defsig_cppl_inner.o ABSOLUTE
    ../clib/signal.c                         0x00000000   Number         0  defsig_pvfn_inner.o ABSOLUTE
    ../clib/signal.c                         0x00000000   Number         0  defsig_stak_inner.o ABSOLUTE
    ../clib/signal.s                         0x00000000   Number         0  defsig.o ABSOLUTE
    ../clib/stdlib.c                         0x00000000   Number         0  exit.o ABSOLUTE
    ../clib/stdlib.c                         0x00000000   Number         0  rand.o ABSOLUTE
    ../clib/stdlib.c                         0x00000000   Number         0  rand.o ABSOLUTE
    ../fplib/fpinit.s                        0x00000000   Number         0  fpinit.o ABSOLUTE
    ADC.c                                    0x00000000   Number         0  adc.o ABSOLUTE
    DAC.c                                    0x00000000   Number         0  dac.o ABSOLUTE
    LCD.s                                    0x00000000   Number         0  lcd.o ABSOLUTE
    Print.s                                  0x00000000   Number         0  print.o ABSOLUTE
    ST7735.c                                 0x00000000   Number         0  st7735.o ABSOLUTE
    Sound.c                                  0x00000000   Number         0  sound.o ABSOLUTE
    SpaceInvaders.c                          0x00000000   Number         0  spaceinvaders.o ABSOLUTE
    TExaS.c                                  0x00000000   Number         0  texas.o ABSOLUTE
    Timer0.c                                 0x00000000   Number         0  timer0.o ABSOLUTE
    Timer1.c                                 0x00000000   Number         0  timer1.o ABSOLUTE
    dc.s                                     0x00000000   Number         0  dc.o ABSOLUTE
    random.s                                 0x00000000   Number         0  random.o ABSOLUTE
    startup.s                                0x00000000   Number         0  startup.o ABSOLUTE
    !!!main                                  0x00000284   Section        8  __main.o(!!!main)
    !!!scatter                               0x0000028c   Section       52  __scatter.o(!!!scatter)
    !!handler_copy                           0x000002c0   Section       26  __scatter_copy.o(!!handler_copy)
    !!handler_zi                             0x000002dc   Section       28  __scatter_zi.o(!!handler_zi)
    .ARM.Collect$$libinit$$00000000          0x000002f8   Section        2  libinit.o(.ARM.Collect$$libinit$$00000000)
    .ARM.Collect$$libinit$$00000002          0x000002fa   Section        0  libinit2.o(.ARM.Collect$$libinit$$00000002)
    .ARM.Collect$$libinit$$00000008          0x000002fa   Section        0  libinit2.o(.ARM.Collect$$libinit$$00000008)
    .ARM.Collect$$libinit$$0000000A          0x000002fa   Section        0  libinit2.o(.ARM.Collect$$libinit$$0000000A)
    .ARM.Collect$$libinit$$0000000B          0x000002fa   Section        4  libinit2.o(.ARM.Collect$$libinit$$0000000B)
    .ARM.Collect$$libinit$$0000000C          0x000002fe   Section        0  libinit2.o(.ARM.Collect$$libinit$$0000000C)
    .ARM.Collect$$libinit$$0000000F          0x000002fe   Section        0  libinit2.o(.ARM.Collect$$libinit$$0000000F)
    .ARM.Collect$$libinit$$00000011          0x000002fe   Section        0  libinit2.o(.ARM.Collect$$libinit$$00000011)
    .ARM.Collect$$libinit$$00000013          0x000002fe   Section        0  libinit2.o(.ARM.Collect$$libinit$$00000013)
    .ARM.Collect$$libinit$$00000015          0x000002fe   Section        0  libinit2.o(.ARM.Collect$$libinit$$00000015)
    .ARM.Collect$$libinit$$00000017          0x000002fe   Section        0  libinit2.o(.ARM.Collect$$libinit$$00000017)
    .ARM.Collect$$libinit$$00000019          0x000002fe   Section        0  libinit2.o(.ARM.Collect$$libinit$$00000019)
    .ARM.Collect$$libinit$$0000001B          0x000002fe   Section        0  libinit2.o(.ARM.Collect$$libinit$$0000001B)
    .ARM.Collect$$libinit$$0000001D          0x000002fe   Section        0  libinit2.o(.ARM.Collect$$libinit$$0000001D)
    .ARM.Collect$$libinit$$0000001F          0x000002fe   Section        0  libinit2.o(.ARM.Collect$$libinit$$0000001F)
    .ARM.Collect$$libinit$$00000021          0x000002fe   Section        0  libinit2.o(.ARM.Collect$$libinit$$00000021)
    .ARM.Collect$$libinit$$00000023          0x000002fe   Section        0  libinit2.o(.ARM.Collect$$libinit$$00000023)
    .ARM.Collect$$libinit$$0000002A          0x000002fe   Section        0  libinit2.o(.ARM.Collect$$libinit$$0000002A)
    .ARM.Collect$$libinit$$0000002C          0x000002fe   Section        0  libinit2.o(.ARM.Collect$$libinit$$0000002C)
    .ARM.Collect$$libinit$$0000002E          0x000002fe   Section        0  libinit2.o(.ARM.Collect$$libinit$$0000002E)
    .ARM.Collect$$libinit$$00000030          0x000002fe   Section        0  libinit2.o(.ARM.Collect$$libinit$$00000030)
    .ARM.Collect$$libinit$$00000031          0x000002fe   Section        2  libinit2.o(.ARM.Collect$$libinit$$00000031)
    .ARM.Collect$$libshutdown$$00000000      0x00000300   Section        2  libshutdown.o(.ARM.Collect$$libshutdown$$00000000)
    .ARM.Collect$$libshutdown$$00000003      0x00000302   Section        0  libshutdown2.o(.ARM.Collect$$libshutdown$$00000003)
    .ARM.Collect$$libshutdown$$00000006      0x00000302   Section        0  libshutdown2.o(.ARM.Collect$$libshutdown$$00000006)
    .ARM.Collect$$libshutdown$$00000009      0x00000302   Section        0  libshutdown2.o(.ARM.Collect$$libshutdown$$00000009)
    .ARM.Collect$$libshutdown$$0000000B      0x00000302   Section        0  libshutdown2.o(.ARM.Collect$$libshutdown$$0000000B)
    .ARM.Collect$$libshutdown$$0000000E      0x00000302   Section        0  libshutdown2.o(.ARM.Collect$$libshutdown$$0000000E)
    .ARM.Collect$$libshutdown$$0000000F      0x00000302   Section        2  libshutdown2.o(.ARM.Collect$$libshutdown$$0000000F)
    .ARM.Collect$$rtentry$$00000000          0x00000304   Section        0  rtentry.o(.ARM.Collect$$rtentry$$00000000)
    .ARM.Collect$$rtentry$$00000002          0x00000304   Section        0  rtentry2.o(.ARM.Collect$$rtentry$$00000002)
    .ARM.Collect$$rtentry$$00000004          0x00000304   Section        6  rtentry4.o(.ARM.Collect$$rtentry$$00000004)
    .ARM.Collect$$rtentry$$00000009          0x0000030a   Section        0  rtentry2.o(.ARM.Collect$$rtentry$$00000009)
    .ARM.Collect$$rtentry$$0000000A          0x0000030a   Section        4  rtentry2.o(.ARM.Collect$$rtentry$$0000000A)
    .ARM.Collect$$rtentry$$0000000C          0x0000030e   Section        0  rtentry2.o(.ARM.Collect$$rtentry$$0000000C)
    .ARM.Collect$$rtentry$$0000000D          0x0000030e   Section        8  rtentry2.o(.ARM.Collect$$rtentry$$0000000D)
    .ARM.Collect$$rtexit$$00000000           0x00000316   Section        2  rtexit.o(.ARM.Collect$$rtexit$$00000000)
    .ARM.Collect$$rtexit$$00000002           0x00000318   Section        0  rtexit2.o(.ARM.Collect$$rtexit$$00000002)
    .ARM.Collect$$rtexit$$00000003           0x00000318   Section        4  rtexit2.o(.ARM.Collect$$rtexit$$00000003)
    .ARM.Collect$$rtexit$$00000004           0x0000031c   Section        6  rtexit2.o(.ARM.Collect$$rtexit$$00000004)
    .emb_text                                0x00000324   Section       52  rand.o(.emb_text)
    .text                                    0x00000358   Section       48  startup.o(.text)
    .text                                    0x00000388   Section       64  random.o(.text)
    .text                                    0x000003c8   Section       80  lcd.o(.text)
    .text                                    0x00000418   Section      224  print.o(.text)
    .text                                    0x000004f8   Section        0  texas.o(.text)
    .text                                    0x00000998   Section        0  rand.o(.text)
    .text                                    0x000009d4   Section        0  heapauxi.o(.text)
    .text                                    0x000009da   Section       74  sys_stackheap_outer.o(.text)
    .text                                    0x00000a24   Section        0  exit.o(.text)
    .text                                    0x00000a30   Section        8  libspace.o(.text)
    .text                                    0x00000a38   Section        2  use_no_semi.o(.text)
    .text                                    0x00000a3a   Section        0  indicate_semi.o(.text)
    .text                                    0x00000a3c   Section        0  sys_exit.o(.text)
    i.ADC_In                                 0x00000a48   Section        0  adc.o(i.ADC_In)
    i.ADC_Init                               0x00000a78   Section        0  adc.o(i.ADC_Init)
    i.DAC_Init                               0x00000b48   Section        0  dac.o(i.DAC_Init)
    i.DAC_Out                                0x00000bb0   Section        0  dac.o(i.DAC_Out)
    i.Delay100ms                             0x00000bbc   Section        0  spaceinvaders.o(i.Delay100ms)
    i.Delay10ms                              0x00000be0   Section        0  spaceinvaders.o(i.Delay10ms)
    i.Delay1m                                0x00000c04   Section        0  spaceinvaders.o(i.Delay1m)
    i.Delay1ms                               0x00000c24   Section        0  st7735.o(i.Delay1ms)
    i.Output_Init                            0x00000c44   Section        0  st7735.o(i.Output_Init)
    i.PB3_Init                               0x00000c54   Section        0  spaceinvaders.o(i.PB3_Init)
    i.ST7735_DrawBitmap                      0x00000cc0   Section        0  st7735.o(i.ST7735_DrawBitmap)
    i.ST7735_DrawCharS                       0x00000de0   Section        0  st7735.o(i.ST7735_DrawCharS)
    i.ST7735_DrawFastVLine                   0x00000ed4   Section        0  st7735.o(i.ST7735_DrawFastVLine)
    i.ST7735_DrawPixel                       0x00000f50   Section        0  st7735.o(i.ST7735_DrawPixel)
    i.ST7735_DrawString                      0x00000f98   Section        0  st7735.o(i.ST7735_DrawString)
    i.ST7735_FillRect                        0x00000ff0   Section        0  st7735.o(i.ST7735_FillRect)
    i.ST7735_FillScreen                      0x0000109c   Section        0  st7735.o(i.ST7735_FillScreen)
    i.ST7735_InitR                           0x000010c0   Section        0  st7735.o(i.ST7735_InitR)
    i.ST7735_OutChar                         0x0000113c   Section        0  st7735.o(i.ST7735_OutChar)
    i.ST7735_OutString                       0x00001210   Section        0  st7735.o(i.ST7735_OutString)
    i.ST7735_SetCursor                       0x00001228   Section        0  st7735.o(i.ST7735_SetCursor)
    i.SysTick_Handler                        0x00001248   Section        0  spaceinvaders.o(i.SysTick_Handler)
    i.SysTick_Init                           0x00001320   Section        0  spaceinvaders.o(i.SysTick_Init)
    i.Timer0A_Handler                        0x00001354   Section        0  timer0.o(i.Timer0A_Handler)
    i.Timer0_Init                            0x0000136c   Section        0  timer0.o(i.Timer0_Init)
    i.Timer0_Stop                            0x000013cc   Section        0  spaceinvaders.o(i.Timer0_Stop)
    i.Timer1A_Handler                        0x000013e0   Section        0  timer1.o(i.Timer1A_Handler)
    i.Timer1_Init                            0x000013f8   Section        0  timer1.o(i.Timer1_Init)
    i.Timer1_Start                           0x00001458   Section        0  spaceinvaders.o(i.Timer1_Start)
    i.Timer1_Stop                            0x0000146c   Section        0  spaceinvaders.o(i.Timer1_Stop)
    i.Timer2A_Handler                        0x00001480   Section        0  spaceinvaders.o(i.Timer2A_Handler)
    i.Timer2_Init                            0x00001540   Section        0  spaceinvaders.o(i.Timer2_Init)
    i.Timer2_Stop                            0x000015a8   Section        0  spaceinvaders.o(i.Timer2_Stop)
    i.Timer3A_Handler                        0x000015bc   Section        0  sound.o(i.Timer3A_Handler)
    i.Timer3_Init                            0x000015d4   Section        0  sound.o(i.Timer3_Init)
    i.checkCollision                         0x00001634   Section        0  spaceinvaders.o(i.checkCollision)
    i.commandList                            0x00001720   Section        0  st7735.o(i.commandList)
    commandList                              0x00001721   Thumb Code    86  st7735.o(i.commandList)
    i.commonInit                             0x00001778   Section        0  st7735.o(i.commonInit)
    commonInit                               0x00001779   Thumb Code   340  st7735.o(i.commonInit)
    i.conversion                             0x000018fc   Section        0  spaceinvaders.o(i.conversion)
    i.despawn                                0x00001920   Section        0  spaceinvaders.o(i.despawn)
    i.getPB3                                 0x00001964   Section        0  spaceinvaders.o(i.getPB3)
    i.laserCollision                         0x00001970   Section        0  spaceinvaders.o(i.laserCollision)
    i.main                                   0x000019e0   Section        0  spaceinvaders.o(i.main)
    i.pushColor                              0x00001c5c   Section        0  st7735.o(i.pushColor)
    pushColor                                0x00001c5d   Thumb Code    18  st7735.o(i.pushColor)
    i.redrawBalls                            0x00001c70   Section        0  spaceinvaders.o(i.redrawBalls)
    i.resetGame                              0x00001cfc   Section        0  spaceinvaders.o(i.resetGame)
    i.setAddrWindow                          0x00001d28   Section        0  st7735.o(i.setAddrWindow)
    setAddrWindow                            0x00001d29   Thumb Code   106  st7735.o(i.setAddrWindow)
    i.shootLaser                             0x00001d9c   Section        0  spaceinvaders.o(i.shootLaser)
    i.sound                                  0x00001e58   Section        0  sound.o(i.sound)
    i.soundLaser                             0x00001ea0   Section        0  sound.o(i.soundLaser)
    i.spawnBigBalls                          0x00001eb4   Section        0  spaceinvaders.o(i.spawnBigBalls)
    i.spawnCharacter                         0x00001f58   Section        0  spaceinvaders.o(i.spawnCharacter)
    i.startScreen                            0x00001f68   Section        0  spaceinvaders.o(i.startScreen)
    .constdata                               0x0000207c   Section     2304  sound.o(.constdata)
    .constdata                               0x0000297c   Section    15732  spaceinvaders.o(.constdata)
    .constdata                               0x000066f0   Section     2018  st7735.o(.constdata)
    Font                                     0x000066f0   Data        1275  st7735.o(.constdata)
    Bcmd                                     0x00006beb   Data         103  st7735.o(.constdata)
    Rcmd1                                    0x00006c52   Data          59  st7735.o(.constdata)
    Rcmd2green                               0x00006c8d   Data          13  st7735.o(.constdata)
    Rcmd2red                                 0x00006c9a   Data          13  st7735.o(.constdata)
    Rcmd3                                    0x00006ca7   Data          43  st7735.o(.constdata)
    .constdata                               0x00006ed2   Section      240  texas.o(.constdata)
    .data                                    0x20000000   Section        4  timer0.o(.data)
    .data                                    0x20000004   Section        4  timer1.o(.data)
    .data                                    0x20000008   Section        8  sound.o(.data)
    .data                                    0x20000010   Section       40  spaceinvaders.o(.data)
    .data                                    0x20000038   Section       44  st7735.o(.data)
    _width                                   0x20000042   Data           2  st7735.o(.data)
    _height                                  0x20000044   Data           2  st7735.o(.data)
    ColStart                                 0x2000004c   Data           1  st7735.o(.data)
    RowStart                                 0x2000004d   Data           1  st7735.o(.data)
    Rotation                                 0x2000004e   Data           1  st7735.o(.data)
    TabColor                                 0x2000004f   Data           1  st7735.o(.data)
    .data                                    0x20000064   Section       48  texas.o(.data)
    DATA                                     0x20000094   Section        4  random.o(DATA)
    M                                        0x20000094   Data           4  random.o(DATA)
    .bss                                     0x20000098   Section      280  spaceinvaders.o(.bss)
    .bss                                     0x200001b0   Section       56  texas.o(.bss)
    .bss                                     0x200001e8   Section      228  rand.o(.bss)
    .bss                                     0x200002cc   Section       96  libspace.o(.bss)
    HEAP                                     0x20000330   Section        0  startup.o(HEAP)
    STACK                                    0x20000330   Section     1024  startup.o(STACK)
    HeapMem                                  0x20000330   Data           0  startup.o(HEAP)
    StackMem                                 0x20000330   Data           0  startup.o(STACK)

    Global Symbols

    Symbol Name                              Value     Ov Type        Size  Object(Section)

    BuildAttributes$$THM_ISAv4$E$P$D$K$B$S$7EM$PE$A:L22UL41UL21$X:L11$S22US41US21$IEEE1$IW$USESV6$~STKCKD$USESV7$~SHL$OSPACE$ROPI$EBA8$UX$STANDARDLIB$REQ8$PRES8$EABIv2 0x00000000   Number         0  anon$$obj.o ABSOLUTE
    __ARM_use_no_argv                        0x00000000   Number         0  spaceinvaders.o ABSOLUTE
    __Vectors                                0x00000000   Data           0  startup.o(RESET)
    __ARM_exceptions_init                     - Undefined Weak Reference
    __alloca_initialize                       - Undefined Weak Reference
    __cpp_initialize__aeabi_                  - Undefined Weak Reference
    __cxa_finalize                            - Undefined Weak Reference
    __rt_locale                               - Undefined Weak Reference
    __sigvec_lookup                           - Undefined Weak Reference
    _atexit_init                              - Undefined Weak Reference
    _call_atexit_fns                          - Undefined Weak Reference
    _clock_init                               - Undefined Weak Reference
    _fp_trap_init                             - Undefined Weak Reference
    _fp_trap_shutdown                         - Undefined Weak Reference
    _get_lc_collate                           - Undefined Weak Reference
    _get_lc_ctype                             - Undefined Weak Reference
    _get_lc_monetary                          - Undefined Weak Reference
    _get_lc_numeric                           - Undefined Weak Reference
    _get_lc_time                              - Undefined Weak Reference
    _getenv_init                              - Undefined Weak Reference
    _handle_redirection                       - Undefined Weak Reference
    _init_alloc                               - Undefined Weak Reference
    _init_user_alloc                          - Undefined Weak Reference
    _initio                                   - Undefined Weak Reference
    _signal_finish                            - Undefined Weak Reference
    _signal_init                              - Undefined Weak Reference
    _terminate_alloc                          - Undefined Weak Reference
    _terminate_user_alloc                     - Undefined Weak Reference
    _terminateio                              - Undefined Weak Reference
    Reset_Handler                            0x0000026d   Thumb Code     0  startup.o(RESET)
    NMI_Handler                              0x00000271   Thumb Code     2  startup.o(RESET)
    HardFault_Handler                        0x00000273   Thumb Code     2  startup.o(RESET)
    MemManage_Handler                        0x00000275   Thumb Code     2  startup.o(RESET)
    BusFault_Handler                         0x00000277   Thumb Code     2  startup.o(RESET)
    UsageFault_Handler                       0x00000279   Thumb Code     2  startup.o(RESET)
    SVC_Handler                              0x0000027b   Thumb Code     2  startup.o(RESET)
    DebugMon_Handler                         0x0000027d   Thumb Code     2  startup.o(RESET)
    PendSV_Handler                           0x0000027f   Thumb Code     2  startup.o(RESET)
    ADC0Seq0_Handler                         0x00000283   Thumb Code     0  startup.o(RESET)
    ADC0Seq1_Handler                         0x00000283   Thumb Code     0  startup.o(RESET)
    ADC0Seq2_Handler                         0x00000283   Thumb Code     0  startup.o(RESET)
    ADC0Seq3_Handler                         0x00000283   Thumb Code     0  startup.o(RESET)
    ADC1Seq0_Handler                         0x00000283   Thumb Code     0  startup.o(RESET)
    ADC1Seq1_Handler                         0x00000283   Thumb Code     0  startup.o(RESET)
    ADC1Seq2_Handler                         0x00000283   Thumb Code     0  startup.o(RESET)
    ADC1Seq3_Handler                         0x00000283   Thumb Code     0  startup.o(RESET)
    CAN0_Handler                             0x00000283   Thumb Code     0  startup.o(RESET)
    CAN1_Handler                             0x00000283   Thumb Code     0  startup.o(RESET)
    CAN2_Handler                             0x00000283   Thumb Code     0  startup.o(RESET)
    Comp0_Handler                            0x00000283   Thumb Code     0  startup.o(RESET)
    Comp1_Handler                            0x00000283   Thumb Code     0  startup.o(RESET)
    Comp2_Handler                            0x00000283   Thumb Code     0  startup.o(RESET)
    Ethernet_Handler                         0x00000283   Thumb Code     0  startup.o(RESET)
    ExtBus_Handler                           0x00000283   Thumb Code     0  startup.o(RESET)
    FPU_Handler                              0x00000283   Thumb Code     0  startup.o(RESET)
    Fan0_Handler                             0x00000283   Thumb Code     0  startup.o(RESET)
    FlashCtl_Handler                         0x00000283   Thumb Code     0  startup.o(RESET)
    GPIOPortA_Handler                        0x00000283   Thumb Code     0  startup.o(RESET)
    GPIOPortB_Handler                        0x00000283   Thumb Code     0  startup.o(RESET)
    GPIOPortC_Handler                        0x00000283   Thumb Code     0  startup.o(RESET)
    GPIOPortD_Handler                        0x00000283   Thumb Code     0  startup.o(RESET)
    GPIOPortE_Handler                        0x00000283   Thumb Code     0  startup.o(RESET)
    GPIOPortF_Handler                        0x00000283   Thumb Code     0  startup.o(RESET)
    GPIOPortG_Handler                        0x00000283   Thumb Code     0  startup.o(RESET)
    GPIOPortH_Handler                        0x00000283   Thumb Code     0  startup.o(RESET)
    GPIOPortJ_Handler                        0x00000283   Thumb Code     0  startup.o(RESET)
    GPIOPortK_Handler                        0x00000283   Thumb Code     0  startup.o(RESET)
    GPIOPortL_Handler                        0x00000283   Thumb Code     0  startup.o(RESET)
    GPIOPortM_Handler                        0x00000283   Thumb Code     0  startup.o(RESET)
    GPIOPortN_Handler                        0x00000283   Thumb Code     0  startup.o(RESET)
    GPIOPortP1_Handler                       0x00000283   Thumb Code     0  startup.o(RESET)
    GPIOPortP2_Handler                       0x00000283   Thumb Code     0  startup.o(RESET)
    GPIOPortP3_Handler                       0x00000283   Thumb Code     0  startup.o(RESET)
    GPIOPortP4_Handler                       0x00000283   Thumb Code     0  startup.o(RESET)
    GPIOPortP5_Handler                       0x00000283   Thumb Code     0  startup.o(RESET)
    GPIOPortP6_Handler                       0x00000283   Thumb Code     0  startup.o(RESET)
    GPIOPortP7_Handler                       0x00000283   Thumb Code     0  startup.o(RESET)
    GPIOPortP_Handler                        0x00000283   Thumb Code     0  startup.o(RESET)
    GPIOPortQ1_Handler                       0x00000283   Thumb Code     0  startup.o(RESET)
    GPIOPortQ2_Handler                       0x00000283   Thumb Code     0  startup.o(RESET)
    GPIOPortQ3_Handler                       0x00000283   Thumb Code     0  startup.o(RESET)
    GPIOPortQ4_Handler                       0x00000283   Thumb Code     0  startup.o(RESET)
    GPIOPortQ5_Handler                       0x00000283   Thumb Code     0  startup.o(RESET)
    GPIOPortQ6_Handler                       0x00000283   Thumb Code     0  startup.o(RESET)
    GPIOPortQ7_Handler                       0x00000283   Thumb Code     0  startup.o(RESET)
    GPIOPortQ_Handler                        0x00000283   Thumb Code     0  startup.o(RESET)
    GPIOPortR_Handler                        0x00000283   Thumb Code     0  startup.o(RESET)
    GPIOPortS_Handler                        0x00000283   Thumb Code     0  startup.o(RESET)
    Hibernate_Handler                        0x00000283   Thumb Code     0  startup.o(RESET)
    I2C0_Handler                             0x00000283   Thumb Code     0  startup.o(RESET)
    I2C1_Handler                             0x00000283   Thumb Code     0  startup.o(RESET)
    I2C2_Handler                             0x00000283   Thumb Code     0  startup.o(RESET)
    I2C3_Handler                             0x00000283   Thumb Code     0  startup.o(RESET)
    I2C4_Handler                             0x00000283   Thumb Code     0  startup.o(RESET)
    I2C5_Handler                             0x00000283   Thumb Code     0  startup.o(RESET)
    I2S0_Handler                             0x00000283   Thumb Code     0  startup.o(RESET)
    LPC0_Handler                             0x00000283   Thumb Code     0  startup.o(RESET)
    PECI0_Handler                            0x00000283   Thumb Code     0  startup.o(RESET)
    PWM0Fault_Handler                        0x00000283   Thumb Code     0  startup.o(RESET)
    PWM0Generator0_Handler                   0x00000283   Thumb Code     0  startup.o(RESET)
    PWM0Generator1_Handler                   0x00000283   Thumb Code     0  startup.o(RESET)
    PWM0Generator2_Handler                   0x00000283   Thumb Code     0  startup.o(RESET)
    PWM0Generator3_Handler                   0x00000283   Thumb Code     0  startup.o(RESET)
    PWM1Fault_Handler                        0x00000283   Thumb Code     0  startup.o(RESET)
    PWM1Generator0_Handler                   0x00000283   Thumb Code     0  startup.o(RESET)
    PWM1Generator1_Handler                   0x00000283   Thumb Code     0  startup.o(RESET)
    PWM1Generator2_Handler                   0x00000283   Thumb Code     0  startup.o(RESET)
    PWM1Generator3_Handler                   0x00000283   Thumb Code     0  startup.o(RESET)
    Quadrature0_Handler                      0x00000283   Thumb Code     0  startup.o(RESET)
    Quadrature1_Handler                      0x00000283   Thumb Code     0  startup.o(RESET)
    Quadrature2_Handler                      0x00000283   Thumb Code     0  startup.o(RESET)
    SSI0_Handler                             0x00000283   Thumb Code     0  startup.o(RESET)
    SSI1_Handler                             0x00000283   Thumb Code     0  startup.o(RESET)
    SSI2_Handler                             0x00000283   Thumb Code     0  startup.o(RESET)
    SSI3_Handler                             0x00000283   Thumb Code     0  startup.o(RESET)
    SysCtl_Handler                           0x00000283   Thumb Code     0  startup.o(RESET)
    Timer0B_Handler                          0x00000283   Thumb Code     0  startup.o(RESET)
    Timer1B_Handler                          0x00000283   Thumb Code     0  startup.o(RESET)
    Timer2B_Handler                          0x00000283   Thumb Code     0  startup.o(RESET)
    Timer3B_Handler                          0x00000283   Thumb Code     0  startup.o(RESET)
    Timer4B_Handler                          0x00000283   Thumb Code     0  startup.o(RESET)
    Timer5B_Handler                          0x00000283   Thumb Code     0  startup.o(RESET)
    UART0_Handler                            0x00000283   Thumb Code     0  startup.o(RESET)
    UART1_Handler                            0x00000283   Thumb Code     0  startup.o(RESET)
    UART2_Handler                            0x00000283   Thumb Code     0  startup.o(RESET)
    UART3_Handler                            0x00000283   Thumb Code     0  startup.o(RESET)
    UART4_Handler                            0x00000283   Thumb Code     0  startup.o(RESET)
    UART5_Handler                            0x00000283   Thumb Code     0  startup.o(RESET)
    UART6_Handler                            0x00000283   Thumb Code     0  startup.o(RESET)
    UART7_Handler                            0x00000283   Thumb Code     0  startup.o(RESET)
    USB0_Handler                             0x00000283   Thumb Code     0  startup.o(RESET)
    WDT_Handler                              0x00000283   Thumb Code     0  startup.o(RESET)
    WideTimer0A_Handler                      0x00000283   Thumb Code     0  startup.o(RESET)
    WideTimer0B_Handler                      0x00000283   Thumb Code     0  startup.o(RESET)
    WideTimer1A_Handler                      0x00000283   Thumb Code     0  startup.o(RESET)
    WideTimer1B_Handler                      0x00000283   Thumb Code     0  startup.o(RESET)
    WideTimer2A_Handler                      0x00000283   Thumb Code     0  startup.o(RESET)
    WideTimer2B_Handler                      0x00000283   Thumb Code     0  startup.o(RESET)
    WideTimer3A_Handler                      0x00000283   Thumb Code     0  startup.o(RESET)
    WideTimer3B_Handler                      0x00000283   Thumb Code     0  startup.o(RESET)
    WideTimer4A_Handler                      0x00000283   Thumb Code     0  startup.o(RESET)
    WideTimer4B_Handler                      0x00000283   Thumb Code     0  startup.o(RESET)
    WideTimer5A_Handler                      0x00000283   Thumb Code     0  startup.o(RESET)
    WideTimer5B_Handler                      0x00000283   Thumb Code     0  startup.o(RESET)
    uDMA_Error                               0x00000283   Thumb Code     0  startup.o(RESET)
    uDMA_Handler                             0x00000283   Thumb Code     0  startup.o(RESET)
    __main                                   0x00000285   Thumb Code     8  __main.o(!!!main)
    __scatterload                            0x0000028d   Thumb Code     0  __scatter.o(!!!scatter)
    __scatterload_rt2                        0x0000028d   Thumb Code    44  __scatter.o(!!!scatter)
    __scatterload_rt2_thumb_only             0x0000028d   Thumb Code     0  __scatter.o(!!!scatter)
    __scatterload_null                       0x0000029b   Thumb Code     0  __scatter.o(!!!scatter)
    __scatterload_copy                       0x000002c1   Thumb Code    26  __scatter_copy.o(!!handler_copy)
    __scatterload_zeroinit                   0x000002dd   Thumb Code    28  __scatter_zi.o(!!handler_zi)
    __rt_lib_init                            0x000002f9   Thumb Code     0  libinit.o(.ARM.Collect$$libinit$$00000000)
    __rt_lib_init_fp_1                       0x000002fb   Thumb Code     0  libinit2.o(.ARM.Collect$$libinit$$00000002)
    __rt_lib_init_heap_1                     0x000002fb   Thumb Code     0  libinit2.o(.ARM.Collect$$libinit$$00000008)
    __rt_lib_init_rand_2                     0x000002fb   Thumb Code     0  libinit2.o(.ARM.Collect$$libinit$$0000000B)
    __rt_lib_init_user_alloc_1               0x000002fb   Thumb Code     0  libinit2.o(.ARM.Collect$$libinit$$0000000A)
    __rt_lib_init_alloca_1                   0x000002ff   Thumb Code     0  libinit2.o(.ARM.Collect$$libinit$$0000002C)
    __rt_lib_init_argv_1                     0x000002ff   Thumb Code     0  libinit2.o(.ARM.Collect$$libinit$$0000002A)
    __rt_lib_init_atexit_1                   0x000002ff   Thumb Code     0  libinit2.o(.ARM.Collect$$libinit$$00000019)
    __rt_lib_init_clock_1                    0x000002ff   Thumb Code     0  libinit2.o(.ARM.Collect$$libinit$$0000001F)
    __rt_lib_init_cpp_1                      0x000002ff   Thumb Code     0  libinit2.o(.ARM.Collect$$libinit$$00000030)
    __rt_lib_init_exceptions_1               0x000002ff   Thumb Code     0  libinit2.o(.ARM.Collect$$libinit$$0000002E)
    __rt_lib_init_fp_trap_1                  0x000002ff   Thumb Code     0  libinit2.o(.ARM.Collect$$libinit$$0000001D)
    __rt_lib_init_getenv_1                   0x000002ff   Thumb Code     0  libinit2.o(.ARM.Collect$$libinit$$00000021)
    __rt_lib_init_lc_collate_1               0x000002ff   Thumb Code     0  libinit2.o(.ARM.Collect$$libinit$$0000000F)
    __rt_lib_init_lc_ctype_1                 0x000002ff   Thumb Code     0  libinit2.o(.ARM.Collect$$libinit$$00000011)
    __rt_lib_init_lc_monetary_1              0x000002ff   Thumb Code     0  libinit2.o(.ARM.Collect$$libinit$$00000013)
    __rt_lib_init_lc_numeric_1               0x000002ff   Thumb Code     0  libinit2.o(.ARM.Collect$$libinit$$00000015)
    __rt_lib_init_lc_time_1                  0x000002ff   Thumb Code     0  libinit2.o(.ARM.Collect$$libinit$$00000017)
    __rt_lib_init_rand_1                     0x000002ff   Thumb Code     0  libinit2.o(.ARM.Collect$$libinit$$0000000C)
    __rt_lib_init_return                     0x000002ff   Thumb Code     0  libinit2.o(.ARM.Collect$$libinit$$00000031)
    __rt_lib_init_signal_1                   0x000002ff   Thumb Code     0  libinit2.o(.ARM.Collect$$libinit$$0000001B)
    __rt_lib_init_stdio_1                    0x000002ff   Thumb Code     0  libinit2.o(.ARM.Collect$$libinit$$00000023)
    __rt_lib_shutdown                        0x00000301   Thumb Code     0  libshutdown.o(.ARM.Collect$$libshutdown$$00000000)
    __rt_lib_shutdown_fp_trap_1              0x00000303   Thumb Code     0  libshutdown2.o(.ARM.Collect$$libshutdown$$00000006)
    __rt_lib_shutdown_heap_1                 0x00000303   Thumb Code     0  libshutdown2.o(.ARM.Collect$$libshutdown$$0000000E)
    __rt_lib_shutdown_return                 0x00000303   Thumb Code     0  libshutdown2.o(.ARM.Collect$$libshutdown$$0000000F)
    __rt_lib_shutdown_signal_1               0x00000303   Thumb Code     0  libshutdown2.o(.ARM.Collect$$libshutdown$$00000009)
    __rt_lib_shutdown_stdio_1                0x00000303   Thumb Code     0  libshutdown2.o(.ARM.Collect$$libshutdown$$00000003)
    __rt_lib_shutdown_user_alloc_1           0x00000303   Thumb Code     0  libshutdown2.o(.ARM.Collect$$libshutdown$$0000000B)
    __rt_entry                               0x00000305   Thumb Code     0  rtentry.o(.ARM.Collect$$rtentry$$00000000)
    __rt_entry_presh_1                       0x00000305   Thumb Code     0  rtentry2.o(.ARM.Collect$$rtentry$$00000002)
    __rt_entry_sh                            0x00000305   Thumb Code     0  rtentry4.o(.ARM.Collect$$rtentry$$00000004)
    __rt_entry_li                            0x0000030b   Thumb Code     0  rtentry2.o(.ARM.Collect$$rtentry$$0000000A)
    __rt_entry_postsh_1                      0x0000030b   Thumb Code     0  rtentry2.o(.ARM.Collect$$rtentry$$00000009)
    __rt_entry_main                          0x0000030f   Thumb Code     0  rtentry2.o(.ARM.Collect$$rtentry$$0000000D)
    __rt_entry_postli_1                      0x0000030f   Thumb Code     0  rtentry2.o(.ARM.Collect$$rtentry$$0000000C)
    __rt_exit                                0x00000317   Thumb Code     0  rtexit.o(.ARM.Collect$$rtexit$$00000000)
    __rt_exit_ls                             0x00000319   Thumb Code     0  rtexit2.o(.ARM.Collect$$rtexit$$00000003)
    __rt_exit_prels_1                        0x00000319   Thumb Code     0  rtexit2.o(.ARM.Collect$$rtexit$$00000002)
    __rt_exit_exit                           0x0000031d   Thumb Code     0  rtexit2.o(.ARM.Collect$$rtexit$$00000004)
    rand                                     0x00000325   Thumb Code    48  rand.o(.emb_text)
    DisableInterrupts                        0x00000359   Thumb Code     0  startup.o(.text)
    EnableInterrupts                         0x0000035d   Thumb Code     0  startup.o(.text)
    StartCritical                            0x00000361   Thumb Code     0  startup.o(.text)
    EndCritical                              0x00000369   Thumb Code     0  startup.o(.text)
    WaitForInterrupt                         0x0000036f   Thumb Code     0  startup.o(.text)
    __user_initial_stackheap                 0x00000373   Thumb Code     0  startup.o(.text)
    Random_Init                              0x00000389   Thumb Code     0  random.o(.text)
    Random32                                 0x00000393   Thumb Code     2  random.o(.text)
    Random                                   0x000003a5   Thumb Code     2  random.o(.text)
    writecommand                             0x000003c9   Thumb Code     0  lcd.o(.text)
    writedata                                0x000003f1   Thumb Code     0  lcd.o(.text)
    LCD_OutDec                               0x00000419   Thumb Code     0  print.o(.text)
    LCD_OutFix                               0x0000046f   Thumb Code     0  print.o(.text)
    ADC1_Init                                0x000004f9   Thumb Code   170  texas.o(.text)
    SetCode                                  0x000005a3   Thumb Code    20  texas.o(.text)
    UART0_Init                               0x000005b7   Thumb Code   162  texas.o(.text)
    SetCourse                                0x00000659   Thumb Code    22  texas.o(.text)
    PLL_Init                                 0x0000066f   Thumb Code   118  texas.o(.text)
    TExaS_Init                               0x000006e5   Thumb Code   282  texas.o(.text)
    StopTimer4                               0x000007ff   Thumb Code    16  texas.o(.text)
    StartTimer4                              0x0000080f   Thumb Code    24  texas.o(.text)
    Timer4A_Handler                          0x00000827   Thumb Code    20  texas.o(.text)
    ADC1_In                                  0x0000083b   Thumb Code     6  texas.o(.text)
    Timer5A_Handler                          0x00000841   Thumb Code    34  texas.o(.text)
    TExaS_Stop                               0x00000863   Thumb Code    18  texas.o(.text)
    copy                                     0x00000875   Thumb Code    16  texas.o(.text)
    SetMode                                  0x00000885   Thumb Code    22  texas.o(.text)
    UART0_InChar                             0x0000089b   Thumb Code    20  texas.o(.text)
    UART0_InCharNonBlocking                  0x000008af   Thumb Code    22  texas.o(.text)
    UART0_OutChar                            0x000008c5   Thumb Code   200  texas.o(.text)
    UART0_OutCharNonBlock                    0x0000098d   Thumb Code     6  texas.o(.text)
    srand                                    0x00000999   Thumb Code    42  rand.o(.text)
    _rand_init                               0x000009c3   Thumb Code     4  rand.o(.text)
    __use_two_region_memory                  0x000009d5   Thumb Code     2  heapauxi.o(.text)
    __rt_heap_escrow$2region                 0x000009d7   Thumb Code     2  heapauxi.o(.text)
    __rt_heap_expand$2region                 0x000009d9   Thumb Code     2  heapauxi.o(.text)
    __user_setup_stackheap                   0x000009db   Thumb Code    74  sys_stackheap_outer.o(.text)
    exit                                     0x00000a25   Thumb Code    12  exit.o(.text)
    __user_libspace                          0x00000a31   Thumb Code     8  libspace.o(.text)
    __user_perproc_libspace                  0x00000a31   Thumb Code     0  libspace.o(.text)
    __user_perthread_libspace                0x00000a31   Thumb Code     0  libspace.o(.text)
    __I$use$semihosting                      0x00000a39   Thumb Code     0  use_no_semi.o(.text)
    __use_no_semihosting_swi                 0x00000a39   Thumb Code     2  use_no_semi.o(.text)
    __semihosting_library_function           0x00000a3b   Thumb Code     0  indicate_semi.o(.text)
    _sys_exit                                0x00000a3d   Thumb Code     8  sys_exit.o(.text)
    ADC_In                                   0x00000a49   Thumb Code    38  adc.o(i.ADC_In)
    ADC_Init                                 0x00000a79   Thumb Code   168  adc.o(i.ADC_Init)
    DAC_Init                                 0x00000b49   Thumb Code    90  dac.o(i.DAC_Init)
    DAC_Out                                  0x00000bb1   Thumb Code     8  dac.o(i.DAC_Out)
    Delay100ms                               0x00000bbd   Thumb Code    30  spaceinvaders.o(i.Delay100ms)
    Delay10ms                                0x00000be1   Thumb Code    30  spaceinvaders.o(i.Delay10ms)
    Delay1m                                  0x00000c05   Thumb Code    32  spaceinvaders.o(i.Delay1m)
    Delay1ms                                 0x00000c25   Thumb Code    32  st7735.o(i.Delay1ms)
    Output_Init                              0x00000c45   Thumb Code    16  st7735.o(i.Output_Init)
    PB3_Init                                 0x00000c55   Thumb Code    94  spaceinvaders.o(i.PB3_Init)
    ST7735_DrawBitmap                        0x00000cc1   Thumb Code   280  st7735.o(i.ST7735_DrawBitmap)
    ST7735_DrawCharS                         0x00000de1   Thumb Code   232  st7735.o(i.ST7735_DrawCharS)
    ST7735_DrawFastVLine                     0x00000ed5   Thumb Code   116  st7735.o(i.ST7735_DrawFastVLine)
    ST7735_DrawPixel                         0x00000f51   Thumb Code    64  st7735.o(i.ST7735_DrawPixel)
    ST7735_DrawString                        0x00000f99   Thumb Code    86  st7735.o(i.ST7735_DrawString)
    ST7735_FillRect                          0x00000ff1   Thumb Code   164  st7735.o(i.ST7735_FillRect)
    ST7735_FillScreen                        0x0000109d   Thumb Code    28  st7735.o(i.ST7735_FillScreen)
    ST7735_InitR                             0x000010c1   Thumb Code    90  st7735.o(i.ST7735_InitR)
    ST7735_OutChar                           0x0000113d   Thumb Code   176  st7735.o(i.ST7735_OutChar)
    ST7735_OutString                         0x00001211   Thumb Code    24  st7735.o(i.ST7735_OutString)
    ST7735_SetCursor                         0x00001229   Thumb Code    22  st7735.o(i.ST7735_SetCursor)
    SysTick_Handler                          0x00001249   Thumb Code   196  spaceinvaders.o(i.SysTick_Handler)
    SysTick_Init                             0x00001321   Thumb Code    42  spaceinvaders.o(i.SysTick_Init)
    Timer0A_Handler                          0x00001355   Thumb Code    16  timer0.o(i.Timer0A_Handler)
    Timer0_Init                              0x0000136d   Thumb Code    76  timer0.o(i.Timer0_Init)
    Timer0_Stop                              0x000013cd   Thumb Code    14  spaceinvaders.o(i.Timer0_Stop)
    Timer1A_Handler                          0x000013e1   Thumb Code    16  timer1.o(i.Timer1A_Handler)
    Timer1_Init                              0x000013f9   Thumb Code    76  timer1.o(i.Timer1_Init)
    Timer1_Start                             0x00001459   Thumb Code    14  spaceinvaders.o(i.Timer1_Start)
    Timer1_Stop                              0x0000146d   Thumb Code    14  spaceinvaders.o(i.Timer1_Stop)
    Timer2A_Handler                          0x00001481   Thumb Code   174  spaceinvaders.o(i.Timer2A_Handler)
    Timer2_Init                              0x00001541   Thumb Code    84  spaceinvaders.o(i.Timer2_Init)
    Timer2_Stop                              0x000015a9   Thumb Code    14  spaceinvaders.o(i.Timer2_Stop)
    Timer3A_Handler                          0x000015bd   Thumb Code    16  sound.o(i.Timer3A_Handler)
    Timer3_Init                              0x000015d5   Thumb Code    76  sound.o(i.Timer3_Init)
    checkCollision                           0x00001635   Thumb Code   210  spaceinvaders.o(i.checkCollision)
    conversion                               0x000018fd   Thumb Code    34  spaceinvaders.o(i.conversion)
    despawn                                  0x00001921   Thumb Code    58  spaceinvaders.o(i.despawn)
    getPB3                                   0x00001965   Thumb Code     6  spaceinvaders.o(i.getPB3)
    laserCollision                           0x00001971   Thumb Code   102  spaceinvaders.o(i.laserCollision)
    main                                     0x000019e1   Thumb Code   514  spaceinvaders.o(i.main)
    redrawBalls                              0x00001c71   Thumb Code   132  spaceinvaders.o(i.redrawBalls)
    resetGame                                0x00001cfd   Thumb Code    36  spaceinvaders.o(i.resetGame)
    shootLaser                               0x00001d9d   Thumb Code   174  spaceinvaders.o(i.shootLaser)
    sound                                    0x00001e59   Thumb Code    60  sound.o(i.sound)
    soundLaser                               0x00001ea1   Thumb Code    12  sound.o(i.soundLaser)
    spawnBigBalls                            0x00001eb5   Thumb Code   160  spaceinvaders.o(i.spawnBigBalls)
    spawnCharacter                           0x00001f59   Thumb Code    12  spaceinvaders.o(i.spawnCharacter)
    startScreen                              0x00001f69   Thumb Code   160  spaceinvaders.o(i.startScreen)
    Laser                                    0x0000207c   Data        2304  sound.o(.constdata)
    sixteenball                              0x0000297c   Data         512  spaceinvaders.o(.constdata)
    store                                    0x00002b7c   Data        1000  spaceinvaders.o(.constdata)
    life                                     0x00002f64   Data         128  spaceinvaders.o(.constdata)
    startscreen                              0x00002fe4   Data        7500  spaceinvaders.o(.constdata)
    dead16                                   0x00004d30   Data         512  spaceinvaders.o(.constdata)
    gameover                                 0x00004f30   Data        5000  spaceinvaders.o(.constdata)
    mainchar                                 0x000062b8   Data         360  spaceinvaders.o(.constdata)
    blm                                      0x00006420   Data         720  spaceinvaders.o(.constdata)
    dBfs                                     0x00006cd2   Data         512  st7735.o(.constdata)
    InputPortMsg                             0x00006ed2   Data          40  texas.o(.constdata)
    OutputPortMsg                            0x00006efa   Data          40  texas.o(.constdata)
    BlankMsg                                 0x00006f22   Data          40  texas.o(.constdata)
    InitializedMsg                           0x00006f4a   Data          40  texas.o(.constdata)
    IntroMsg                                 0x00006f72   Data          40  texas.o(.constdata)
    DoneMsg                                  0x00006f9a   Data          40  texas.o(.constdata)
    Region$$Table$$Base                      0x00006fc4   Number         0  anon$$obj.o(Region$$Table)
    Region$$Table$$Limit                     0x00006fe4   Number         0  anon$$obj.o(Region$$Table)
    PeriodicTask0                            0x20000000   Data           4  timer0.o(.data)
    PeriodicTask1                            0x20000004   Data           4  timer1.o(.data)
    count                                    0x20000008   Data           4  sound.o(.data)
    PeriodicTask3                            0x2000000c   Data           4  sound.o(.data)
    laserCount                               0x20000010   Data           4  spaceinvaders.o(.data)
    readyShoot                               0x20000014   Data           4  spaceinvaders.o(.data)
    score                                    0x20000018   Data           4  spaceinvaders.o(.data)
    offset2                                  0x2000001c   Data           4  spaceinvaders.o(.data)
    highscore                                0x20000020   Data           4  spaceinvaders.o(.data)
    finals                                   0x20000024   Data           4  spaceinvaders.o(.data)
    numLives                                 0x20000028   Data           4  spaceinvaders.o(.data)
    char1                                    0x2000002c   Data           8  spaceinvaders.o(.data)
    TimerCount                               0x20000034   Data           4  spaceinvaders.o(.data)
    StX                                      0x20000038   Data           4  st7735.o(.data)
    StY                                      0x2000003c   Data           4  st7735.o(.data)
    StTextColor                              0x20000040   Data           2  st7735.o(.data)
    lastj                                    0x20000048   Data           4  st7735.o(.data)
    Messageindex                             0x20000050   Data           4  st7735.o(.data)
    Ymax                                     0x20000054   Data           4  st7735.o(.data)
    Ymin                                     0x20000058   Data           4  st7735.o(.data)
    X                                        0x2000005c   Data           4  st7735.o(.data)
    Yrange                                   0x20000060   Data           4  st7735.o(.data)
    TExaS_Period                             0x20000064   Data           4  texas.o(.data)
    TExaS_Ports                              0x20000068   Data           8  texas.o(.data)
    TExaS_Meter                              0x20000070   Data           4  texas.o(.data)
    ADCnum                                   0x20000074   Data           4  texas.o(.data)
    LastMode                                 0x20000078   Data           4  texas.o(.data)
    bFlag                                    0x2000007c   Data           4  texas.o(.data)
    Count                                    0x20000080   Data           4  texas.o(.data)
    DelayBetweenTests                        0x20000084   Data           4  texas.o(.data)
    TExaS_Test                               0x20000088   Data           4  texas.o(.data)
    ScopeMode                                0x2000008c   Data           4  texas.o(.data)
    ScopeCount                               0x20000090   Data           4  texas.o(.data)
    health                                   0x20000098   Data          36  spaceinvaders.o(.bss)
    bigball                                  0x200000bc   Data         196  spaceinvaders.o(.bss)
    lzr                                      0x20000180   Data          48  spaceinvaders.o(.bss)
    TExaS                                    0x200001b0   Data          56  texas.o(.bss)
    _random_number_data                      0x200001e8   Data         228  rand.o(.bss)
    __libspace_start                         0x200002cc   Data          96  libspace.o(.bss)
    __temporary_stack_top$libspace           0x2000032c   Data           0  libspace.o(.bss)



==============================================================================

Memory Map of the image

  Image Entry point : 0x0000026d

  Load Region LR_1 (Base: 0x00000000, Size: 0x0000707c, Max: 0xffffffff, ABSOLUTE)

    Execution Region ER_RO (Base: 0x00000000, Size: 0x00006fe4, Max: 0xffffffff, ABSOLUTE)

    Base Addr    Size         Type   Attr      Idx    E Section Name        Object

    0x00000000   0x00000284   Code   RO            3  * RESET               startup.o
    0x00000284   0x00000008   Code   RO          621  * !!!main             c_w.l(__main.o)
    0x0000028c   0x00000034   Code   RO          775    !!!scatter          c_w.l(__scatter.o)
    0x000002c0   0x0000001a   Code   RO          777    !!handler_copy      c_w.l(__scatter_copy.o)
    0x000002da   0x00000002   PAD
    0x000002dc   0x0000001c   Code   RO          779    !!handler_zi        c_w.l(__scatter_zi.o)
    0x000002f8   0x00000002   Code   RO          699    .ARM.Collect$$libinit$$00000000  c_w.l(libinit.o)
    0x000002fa   0x00000000   Code   RO          625    .ARM.Collect$$libinit$$00000002  c_w.l(libinit2.o)
    0x000002fa   0x00000000   Code   RO          628    .ARM.Collect$$libinit$$00000008  c_w.l(libinit2.o)
    0x000002fa   0x00000000   Code   RO          630    .ARM.Collect$$libinit$$0000000A  c_w.l(libinit2.o)
    0x000002fa   0x00000004   Code   RO          631    .ARM.Collect$$libinit$$0000000B  c_w.l(libinit2.o)
    0x000002fe   0x00000000   Code   RO          632    .ARM.Collect$$libinit$$0000000C  c_w.l(libinit2.o)
    0x000002fe   0x00000000   Code   RO          635    .ARM.Collect$$libinit$$0000000F  c_w.l(libinit2.o)
    0x000002fe   0x00000000   Code   RO          637    .ARM.Collect$$libinit$$00000011  c_w.l(libinit2.o)
    0x000002fe   0x00000000   Code   RO          639    .ARM.Collect$$libinit$$00000013  c_w.l(libinit2.o)
    0x000002fe   0x00000000   Code   RO          641    .ARM.Collect$$libinit$$00000015  c_w.l(libinit2.o)
    0x000002fe   0x00000000   Code   RO          643    .ARM.Collect$$libinit$$00000017  c_w.l(libinit2.o)
    0x000002fe   0x00000000   Code   RO          645    .ARM.Collect$$libinit$$00000019  c_w.l(libinit2.o)
    0x000002fe   0x00000000   Code   RO          647    .ARM.Collect$$libinit$$0000001B  c_w.l(libinit2.o)
    0x000002fe   0x00000000   Code   RO          649    .ARM.Collect$$libinit$$0000001D  c_w.l(libinit2.o)
    0x000002fe   0x00000000   Code   RO          651    .ARM.Collect$$libinit$$0000001F  c_w.l(libinit2.o)
    0x000002fe   0x00000000   Code   RO          653    .ARM.Collect$$libinit$$00000021  c_w.l(libinit2.o)
    0x000002fe   0x00000000   Code   RO          655    .ARM.Collect$$libinit$$00000023  c_w.l(libinit2.o)
    0x000002fe   0x00000000   Code   RO          659    .ARM.Collect$$libinit$$0000002A  c_w.l(libinit2.o)
    0x000002fe   0x00000000   Code   RO          661    .ARM.Collect$$libinit$$0000002C  c_w.l(libinit2.o)
    0x000002fe   0x00000000   Code   RO          663    .ARM.Collect$$libinit$$0000002E  c_w.l(libinit2.o)
    0x000002fe   0x00000000   Code   RO          665    .ARM.Collect$$libinit$$00000030  c_w.l(libinit2.o)
    0x000002fe   0x00000002   Code   RO          666    .ARM.Collect$$libinit$$00000031  c_w.l(libinit2.o)
    0x00000300   0x00000002   Code   RO          737    .ARM.Collect$$libshutdown$$00000000  c_w.l(libshutdown.o)
    0x00000302   0x00000000   Code   RO          744    .ARM.Collect$$libshutdown$$00000003  c_w.l(libshutdown2.o)
    0x00000302   0x00000000   Code   RO          747    .ARM.Collect$$libshutdown$$00000006  c_w.l(libshutdown2.o)
    0x00000302   0x00000000   Code   RO          750    .ARM.Collect$$libshutdown$$00000009  c_w.l(libshutdown2.o)
    0x00000302   0x00000000   Code   RO          752    .ARM.Collect$$libshutdown$$0000000B  c_w.l(libshutdown2.o)
    0x00000302   0x00000000   Code   RO          755    .ARM.Collect$$libshutdown$$0000000E  c_w.l(libshutdown2.o)
    0x00000302   0x00000002   Code   RO          756    .ARM.Collect$$libshutdown$$0000000F  c_w.l(libshutdown2.o)
    0x00000304   0x00000000   Code   RO          623    .ARM.Collect$$rtentry$$00000000  c_w.l(rtentry.o)
    0x00000304   0x00000000   Code   RO          668    .ARM.Collect$$rtentry$$00000002  c_w.l(rtentry2.o)
    0x00000304   0x00000006   Code   RO          680    .ARM.Collect$$rtentry$$00000004  c_w.l(rtentry4.o)
    0x0000030a   0x00000000   Code   RO          670    .ARM.Collect$$rtentry$$00000009  c_w.l(rtentry2.o)
    0x0000030a   0x00000004   Code   RO          671    .ARM.Collect$$rtentry$$0000000A  c_w.l(rtentry2.o)
    0x0000030e   0x00000000   Code   RO          673    .ARM.Collect$$rtentry$$0000000C  c_w.l(rtentry2.o)
    0x0000030e   0x00000008   Code   RO          674    .ARM.Collect$$rtentry$$0000000D  c_w.l(rtentry2.o)
    0x00000316   0x00000002   Code   RO          705    .ARM.Collect$$rtexit$$00000000  c_w.l(rtexit.o)
    0x00000318   0x00000000   Code   RO          717    .ARM.Collect$$rtexit$$00000002  c_w.l(rtexit2.o)
    0x00000318   0x00000004   Code   RO          718    .ARM.Collect$$rtexit$$00000003  c_w.l(rtexit2.o)
    0x0000031c   0x00000006   Code   RO          719    .ARM.Collect$$rtexit$$00000004  c_w.l(rtexit2.o)
    0x00000322   0x00000002   PAD
    0x00000324   0x00000034   Code   RO          614    .emb_text           c_w.l(rand.o)
    0x00000358   0x00000030   Code   RO            4    .text               startup.o
    0x00000388   0x00000040   Code   RO           13    .text               random.o
    0x000003c8   0x00000050   Code   RO          141    .text               lcd.o
    0x00000418   0x000000e0   Code   RO          144    .text               print.o
    0x000004f8   0x000004a0   Code   RO          595    .text               texas.o
    0x00000998   0x0000003c   Code   RO          615    .text               c_w.l(rand.o)
    0x000009d4   0x00000006   Code   RO          619    .text               c_w.l(heapauxi.o)
    0x000009da   0x0000004a   Code   RO          686    .text               c_w.l(sys_stackheap_outer.o)
    0x00000a24   0x0000000c   Code   RO          688    .text               c_w.l(exit.o)
    0x00000a30   0x00000008   Code   RO          702    .text               c_w.l(libspace.o)
    0x00000a38   0x00000002   Code   RO          713    .text               c_w.l(use_no_semi.o)
    0x00000a3a   0x00000000   Code   RO          715    .text               c_w.l(indicate_semi.o)
    0x00000a3a   0x00000002   PAD
    0x00000a3c   0x0000000c   Code   RO          729    .text               c_w.l(sys_exit.o)
    0x00000a48   0x00000030   Code   RO           41    i.ADC_In            adc.o
    0x00000a78   0x000000d0   Code   RO           42    i.ADC_Init          adc.o
    0x00000b48   0x00000068   Code   RO           16    i.DAC_Init          dac.o
    0x00000bb0   0x0000000c   Code   RO           17    i.DAC_Out           dac.o
    0x00000bbc   0x00000024   Code   RO          147    i.Delay100ms        spaceinvaders.o
    0x00000be0   0x00000024   Code   RO          148    i.Delay10ms         spaceinvaders.o
    0x00000c04   0x00000020   Code   RO          149    i.Delay1m           spaceinvaders.o
    0x00000c24   0x00000020   Code   RO          332    i.Delay1ms          st7735.o
    0x00000c44   0x00000010   Code   RO          335    i.Output_Init       st7735.o
    0x00000c54   0x0000006c   Code   RO          150    i.PB3_Init          spaceinvaders.o
    0x00000cc0   0x00000120   Code   RO          339    i.ST7735_DrawBitmap  st7735.o
    0x00000de0   0x000000f4   Code   RO          341    i.ST7735_DrawCharS  st7735.o
    0x00000ed4   0x0000007c   Code   RO          343    i.ST7735_DrawFastVLine  st7735.o
    0x00000f50   0x00000048   Code   RO          344    i.ST7735_DrawPixel  st7735.o
    0x00000f98   0x00000056   Code   RO          345    i.ST7735_DrawString  st7735.o
    0x00000fee   0x00000002   PAD
    0x00000ff0   0x000000ac   Code   RO          346    i.ST7735_FillRect   st7735.o
    0x0000109c   0x00000024   Code   RO          347    i.ST7735_FillScreen  st7735.o
    0x000010c0   0x0000007c   Code   RO          349    i.ST7735_InitR      st7735.o
    0x0000113c   0x000000d4   Code   RO          351    i.ST7735_OutChar    st7735.o
    0x00001210   0x00000018   Code   RO          352    i.ST7735_OutString  st7735.o
    0x00001228   0x00000020   Code   RO          362    i.ST7735_SetCursor  st7735.o
    0x00001248   0x000000d8   Code   RO          151    i.SysTick_Handler   spaceinvaders.o
    0x00001320   0x00000034   Code   RO          152    i.SysTick_Init      spaceinvaders.o
    0x00001354   0x00000018   Code   RO           59    i.Timer0A_Handler   timer0.o
    0x0000136c   0x00000060   Code   RO           60    i.Timer0_Init       timer0.o
    0x000013cc   0x00000014   Code   RO          154    i.Timer0_Stop       spaceinvaders.o
    0x000013e0   0x00000018   Code   RO           80    i.Timer1A_Handler   timer1.o
    0x000013f8   0x00000060   Code   RO           81    i.Timer1_Init       timer1.o
    0x00001458   0x00000014   Code   RO          155    i.Timer1_Start      spaceinvaders.o
    0x0000146c   0x00000014   Code   RO          156    i.Timer1_Stop       spaceinvaders.o
    0x00001480   0x000000c0   Code   RO          157    i.Timer2A_Handler   spaceinvaders.o
    0x00001540   0x00000068   Code   RO          158    i.Timer2_Init       spaceinvaders.o
    0x000015a8   0x00000014   Code   RO          160    i.Timer2_Stop       spaceinvaders.o
    0x000015bc   0x00000018   Code   RO          102    i.Timer3A_Handler   sound.o
    0x000015d4   0x00000060   Code   RO          103    i.Timer3_Init       sound.o
    0x00001634   0x000000ec   Code   RO          162    i.checkCollision    spaceinvaders.o
    0x00001720   0x00000056   Code   RO          366    i.commandList       st7735.o
    0x00001776   0x00000002   PAD
    0x00001778   0x00000184   Code   RO          367    i.commonInit        st7735.o
    0x000018fc   0x00000022   Code   RO          163    i.conversion        spaceinvaders.o
    0x0000191e   0x00000002   PAD
    0x00001920   0x00000044   Code   RO          164    i.despawn           spaceinvaders.o
    0x00001964   0x0000000c   Code   RO          165    i.getPB3            spaceinvaders.o
    0x00001970   0x00000070   Code   RO          166    i.laserCollision    spaceinvaders.o
    0x000019e0   0x0000027c   Code   RO          167    i.main              spaceinvaders.o
    0x00001c5c   0x00000012   Code   RO          372    i.pushColor         st7735.o
    0x00001c6e   0x00000002   PAD
    0x00001c70   0x0000008c   Code   RO          168    i.redrawBalls       spaceinvaders.o
    0x00001cfc   0x0000002c   Code   RO          169    i.resetGame         spaceinvaders.o
    0x00001d28   0x00000074   Code   RO          373    i.setAddrWindow     st7735.o
    0x00001d9c   0x000000bc   Code   RO          170    i.shootLaser        spaceinvaders.o
    0x00001e58   0x00000048   Code   RO          104    i.sound             sound.o
    0x00001ea0   0x00000014   Code   RO          105    i.soundLaser        sound.o
    0x00001eb4   0x000000a4   Code   RO          171    i.spawnBigBalls     spaceinvaders.o
    0x00001f58   0x00000010   Code   RO          172    i.spawnCharacter    spaceinvaders.o
    0x00001f68   0x00000114   Code   RO          173    i.startScreen       spaceinvaders.o
    0x0000207c   0x00000900   Data   RO          106    .constdata          sound.o
    0x0000297c   0x00003d74   Data   RO          175    .constdata          spaceinvaders.o
    0x000066f0   0x000007e2   Data   RO          375    .constdata          st7735.o
    0x00006ed2   0x000000f0   Data   RO          597    .constdata          texas.o
    0x00006fc2   0x00000002   PAD
    0x00006fc4   0x00000020   Data   RO          773    Region$$Table       anon$$obj.o


    Execution Region ER_RW (Base: 0x20000000, Size: 0x00000098, Max: 0xffffffff, ABSOLUTE)

    Base Addr    Size         Type   Attr      Idx    E Section Name        Object

    0x20000000   0x00000004   Data   RW           61    .data               timer0.o
    0x20000004   0x00000004   Data   RW           82    .data               timer1.o
    0x20000008   0x00000008   Data   RW          107    .data               sound.o
    0x20000010   0x00000028   Data   RW          176    .data               spaceinvaders.o
    0x20000038   0x0000002c   Data   RW          376    .data               st7735.o
    0x20000064   0x00000030   Data   RW          598    .data               texas.o
    0x20000094   0x00000004   Data   RW           12    DATA                random.o


    Execution Region ER_ZI (Base: 0x20000098, Size: 0x00000698, Max: 0xffffffff, ABSOLUTE)

    Base Addr    Size         Type   Attr      Idx    E Section Name        Object

    0x20000098   0x00000118   Zero   RW          174    .bss                spaceinvaders.o
    0x200001b0   0x00000038   Zero   RW          596    .bss                texas.o
    0x200001e8   0x000000e4   Zero   RW          616    .bss                c_w.l(rand.o)
    0x200002cc   0x00000060   Zero   RW          703    .bss                c_w.l(libspace.o)
    0x2000032c   0x00000004   PAD
    0x20000330   0x00000000   Zero   RW            2    HEAP                startup.o
    0x20000330   0x00000400   Zero   RW            1    STACK               startup.o


==============================================================================

Image component sizes


      Code (inc. data)   RO Data    RW Data    ZI Data      Debug   Object Name

       256         50          0          0          0        832   adc.o
       116         18          0          0          0       4969   dac.o
        80         12          0          0          0        204   lcd.o
       224          4          0          0          0        252   print.o
        64         14          0          4          0        204   random.o
       212         48       2304          8          0       2149   sound.o
      2782        446      15732         40        280      13595   spaceinvaders.o
      2070        190       2018         44          0      12903   st7735.o
       692        632          0          0       1024        908   startup.o
      1184        188        240         48         56      14668   texas.o
       120         28          0          4          0       1288   timer0.o
       120         28          0          4          0       1288   timer1.o

    ----------------------------------------------------------------------
      7928       1658      20328        152       1360      53260   Object Totals
         0          0         32          0          0          0   (incl. Generated)
         8          0          2          0          0          0   (incl. Padding)

    ----------------------------------------------------------------------

      Code (inc. data)   RO Data    RW Data    ZI Data      Debug   Library Member Name

         8          0          0          0          0         68   __main.o
        52          8          0          0          0          0   __scatter.o
        26          0          0          0          0          0   __scatter_copy.o
        28          0          0          0          0          0   __scatter_zi.o
        12          0          0          0          0         72   exit.o
         6          0          0          0          0        152   heapauxi.o
         0          0          0          0          0          0   indicate_semi.o
         2          0          0          0          0          0   libinit.o
         6          0          0          0          0          0   libinit2.o
         2          0          0          0          0          0   libshutdown.o
         2          0          0          0          0          0   libshutdown2.o
         8          4          0          0         96         68   libspace.o
       112         18          0          0        228        160   rand.o
         0          0          0          0          0          0   rtentry.o
        12          0          0          0          0          0   rtentry2.o
         6          0          0          0          0          0   rtentry4.o
         2          0          0          0          0          0   rtexit.o
        10          0          0          0          0          0   rtexit2.o
        12          4          0          0          0         68   sys_exit.o
        74          0          0          0          0         80   sys_stackheap_outer.o
         2          0          0          0          0         68   use_no_semi.o

    ----------------------------------------------------------------------
       388         34          0          0        328        736   Library Totals
         6          0          0          0          4          0   (incl. Padding)

    ----------------------------------------------------------------------

      Code (inc. data)   RO Data    RW Data    ZI Data      Debug   Library Name

       382         34          0          0        324        736   c_w.l

    ----------------------------------------------------------------------
       388         34          0          0        328        736   Library Totals

    ----------------------------------------------------------------------

==============================================================================


      Code (inc. data)   RO Data    RW Data    ZI Data      Debug   

      8316       1692      20328        152       1688      50824   Grand Totals
      8316       1692      20328        152       1688      50824   ELF Image Totals
      8316       1692      20328        152          0          0   ROM Totals

==============================================================================

    Total RO  Size (Code + RO Data)                28644 (  27.97kB)
    Total RW  Size (RW Data + ZI Data)              1840 (   1.80kB)
    Total ROM Size (Code + RO Data + RW Data)      28796 (  28.12kB)

==============================================================================

